Archive member included to satisfy reference by file (symbol)

/Applications/microchip/xc32/v2.15/bin/bin/../../lib/gcc/pic32c/6.2.1/../../../../pic32c/lib/v7e-m/fpv5/hard/libpic32c.a(data_init.o)
                              build/sam_e70_xult_freertos/production/_ext/1552905064/startup_xc32.o (__pic32c_data_initialization)
/Applications/microchip/xc32/v2.15/bin/bin/../../lib/gcc/pic32c/6.2.1/v7e-m/fpv5/hard/libgcc.a(_aeabi_uldivmod.o)
                              build/sam_e70_xult_freertos/production/_ext/810785262/dns.o (__aeabi_uldivmod)
/Applications/microchip/xc32/v2.15/bin/bin/../../lib/gcc/pic32c/6.2.1/v7e-m/fpv5/hard/libgcc.a(_udivmoddi4.o)
                              /Applications/microchip/xc32/v2.15/bin/bin/../../lib/gcc/pic32c/6.2.1/v7e-m/fpv5/hard/libgcc.a(_aeabi_uldivmod.o) (__udivmoddi4)
/Applications/microchip/xc32/v2.15/bin/bin/../../lib/gcc/pic32c/6.2.1/v7e-m/fpv5/hard/libgcc.a(_dvmd_tls.o)
                              /Applications/microchip/xc32/v2.15/bin/bin/../../lib/gcc/pic32c/6.2.1/v7e-m/fpv5/hard/libgcc.a(_aeabi_uldivmod.o) (__aeabi_ldiv0)
/Applications/microchip/xc32/v2.15/bin/bin/../../lib/gcc/pic32c/6.2.1/../../../../pic32c/lib/v7e-m/fpv5/hard/libc.a(lib_a-atoi.o)
                              build/sam_e70_xult_freertos/production/_ext/810785262/http_net.o (atoi)
/Applications/microchip/xc32/v2.15/bin/bin/../../lib/gcc/pic32c/6.2.1/../../../../pic32c/lib/v7e-m/fpv5/hard/libc.a(lib_a-atol.o)
                              build/sam_e70_xult_freertos/production/_ext/810785262/http_net.o (atol)
/Applications/microchip/xc32/v2.15/bin/bin/../../lib/gcc/pic32c/6.2.1/../../../../pic32c/lib/v7e-m/fpv5/hard/libc.a(lib_a-calloc.o)
                              build/sam_e70_xult_freertos/production/_ext/1552905064/initialization.o (calloc)
/Applications/microchip/xc32/v2.15/bin/bin/../../lib/gcc/pic32c/6.2.1/../../../../pic32c/lib/v7e-m/fpv5/hard/libc.a(lib_a-callocr.o)
                              /Applications/microchip/xc32/v2.15/bin/bin/../../lib/gcc/pic32c/6.2.1/../../../../pic32c/lib/v7e-m/fpv5/hard/libc.a(lib_a-calloc.o) (_calloc_r)
/Applications/microchip/xc32/v2.15/bin/bin/../../lib/gcc/pic32c/6.2.1/../../../../pic32c/lib/v7e-m/fpv5/hard/libc.a(lib_a-exit.o)
                              /Applications/microchip/xc32/v2.15/bin/bin/../../lib/gcc/pic32c/6.2.1/../../../../pic32c/lib/v7e-m/fpv5/hard/crt0.o (exit)
/Applications/microchip/xc32/v2.15/bin/bin/../../lib/gcc/pic32c/6.2.1/../../../../pic32c/lib/v7e-m/fpv5/hard/libc.a(lib_a-impure.o)
                              /Applications/microchip/xc32/v2.15/bin/bin/../../lib/gcc/pic32c/6.2.1/../../../../pic32c/lib/v7e-m/fpv5/hard/libc.a(lib_a-exit.o) (_global_impure_ptr)
/Applications/microchip/xc32/v2.15/bin/bin/../../lib/gcc/pic32c/6.2.1/../../../../pic32c/lib/v7e-m/fpv5/hard/libc.a(lib_a-init.o)
                              /Applications/microchip/xc32/v2.15/bin/bin/../../lib/gcc/pic32c/6.2.1/../../../../pic32c/lib/v7e-m/fpv5/hard/crt0.o (__libc_init_array)
/Applications/microchip/xc32/v2.15/bin/bin/../../lib/gcc/pic32c/6.2.1/../../../../pic32c/lib/v7e-m/fpv5/hard/libc.a(lib_a-locale.o)
                              build/sam_e70_xult_freertos/production/_ext/810785262/dhcp.o (__locale_ctype_ptr)
/Applications/microchip/xc32/v2.15/bin/bin/../../lib/gcc/pic32c/6.2.1/../../../../pic32c/lib/v7e-m/fpv5/hard/libc.a(lib_a-malloc.o)
                              build/sam_e70_xult_freertos/production/_ext/1552905064/initialization.o (malloc)
/Applications/microchip/xc32/v2.15/bin/bin/../../lib/gcc/pic32c/6.2.1/../../../../pic32c/lib/v7e-m/fpv5/hard/libc.a(lib_a-mallocr.o)
                              /Applications/microchip/xc32/v2.15/bin/bin/../../lib/gcc/pic32c/6.2.1/../../../../pic32c/lib/v7e-m/fpv5/hard/libc.a(lib_a-callocr.o) (_malloc_r)
/Applications/microchip/xc32/v2.15/bin/bin/../../lib/gcc/pic32c/6.2.1/../../../../pic32c/lib/v7e-m/fpv5/hard/libc.a(lib_a-mbtowc_r.o)
                              /Applications/microchip/xc32/v2.15/bin/bin/../../lib/gcc/pic32c/6.2.1/../../../../pic32c/lib/v7e-m/fpv5/hard/libc.a(lib_a-locale.o) (__ascii_mbtowc)
/Applications/microchip/xc32/v2.15/bin/bin/../../lib/gcc/pic32c/6.2.1/../../../../pic32c/lib/v7e-m/fpv5/hard/libc.a(lib_a-memcmp.o)
                              build/sam_e70_xult_freertos/production/_ext/810785262/http_net.o (memcmp)
/Applications/microchip/xc32/v2.15/bin/bin/../../lib/gcc/pic32c/6.2.1/../../../../pic32c/lib/v7e-m/fpv5/hard/libc.a(lib_a-memcpy.o)
                              build/sam_e70_xult_freertos/production/_ext/810785262/dns.o (memcpy)
/Applications/microchip/xc32/v2.15/bin/bin/../../lib/gcc/pic32c/6.2.1/../../../../pic32c/lib/v7e-m/fpv5/hard/libc.a(lib_a-memset.o)
                              /Applications/microchip/xc32/v2.15/bin/bin/../../lib/gcc/pic32c/6.2.1/../../../../pic32c/lib/v7e-m/fpv5/hard/crt0.o (memset)
/Applications/microchip/xc32/v2.15/bin/bin/../../lib/gcc/pic32c/6.2.1/../../../../pic32c/lib/v7e-m/fpv5/hard/libc.a(lib_a-mlock.o)
[...]
Memory Configuration

Name             Origin             Length             Attributes
rom              0x0000000000400000 0x0000000000200000 xr
ram              0x0000000020400000 0x0000000000060000 xrw
itcm             0x0000000000000000 0x0000000000000000 xrw
dtcm             0x0000000020000000 0x0000000000000000 xrw
*default*        0x0000000000000000 0xffffffffffffffff
tcm              0x0000000000000000 0xffffffffffffffff

Linker script and memory map

LOAD /Applications/microchip/xc32/v2.15/bin/bin/../../lib/gcc/pic32c/6.2.1/v7e-m/fpv5/hard/crti.o
LOAD /Applications/microchip/xc32/v2.15/bin/bin/../../lib/gcc/pic32c/6.2.1/v7e-m/fpv5/hard/crtbegin.o
LOAD /Applications/microchip/xc32/v2.15/bin/bin/../../lib/gcc/pic32c/6.2.1/../../../../pic32c/lib/v7e-m/fpv5/hard/crt0.o
LOAD build/sam_e70_xult_freertos/production/_ext/810785262/dns.o
LOAD build/sam_e70_xult_freertos/production/_ext/502395768/sys_fs_wrapper.o
LOAD build/sam_e70_xult_freertos/production/_ext/810785262/icmp.o
LOAD build/sam_e70_xult_freertos/production/_ext/1215076966/drv_memory.o
LOAD build/sam_e70_xult_freertos/production/_ext/1215076966/drv_memory_file_system.o
LOAD build/sam_e70_xult_freertos/production/_ext/810785262/http_net.o
LOAD build/sam_e70_xult_freertos/production/_ext/1360937237/http_net_print.o
LOAD build/sam_e70_xult_freertos/production/_ext/1360937237/custom_http_net_app.o
LOAD build/sam_e70_xult_freertos/production/_ext/1360937237/mpfs_net_img.o
LOAD build/sam_e70_xult_freertos/production/_ext/810785262/nbns.o
LOAD build/sam_e70_xult_freertos/production/_ext/810785262/tcp.o
LOAD build/sam_e70_xult_freertos/production/_ext/45646042/plib_efc.o
LOAD build/sam_e70_xult_freertos/production/_ext/810785262/dhcp.o
LOAD build/sam_e70_xult_freertos/production/_ext/810785262/arp.o
LOAD build/sam_e70_xult_freertos/production/_ext/810785262/icmpv6.o
LOAD build/sam_e70_xult_freertos/production/_ext/1245453995/plib_tc0.o
LOAD build/sam_e70_xult_freertos/production/_ext/912870411/sys_time.o
LOAD build/sam_e70_xult_freertos/production/_ext/810785262/ndp.o
LOAD build/sam_e70_xult_freertos/production/_ext/683629640/bsp.o
LOAD build/sam_e70_xult_freertos/production/_ext/810785262/tcpip_commands.o
LOAD build/sam_e70_xult_freertos/production/_ext/1215076966/drv_memory_efc.o
LOAD build/sam_e70_xult_freertos/production/_ext/810785262/ipv6.o
LOAD build/sam_e70_xult_freertos/production/_ext/1730304427/net_pres.o
LOAD build/sam_e70_xult_freertos/production/_ext/434362710/net_pres_enc_glue.o
LOAD build/sam_e70_xult_freertos/production/_ext/810785262/ipv4.o
LOAD build/sam_e70_xult_freertos/production/_ext/901008055/plib_usart1.o
LOAD build/sam_e70_xult_freertos/production/_ext/810785262/smtpc.o
LOAD build/sam_e70_xult_freertos/production/_ext/1775855163/sys_int.o
LOAD build/sam_e70_xult_freertos/production/_ext/992551865/sys_cache.o
LOAD build/sam_e70_xult_freertos/production/_ext/281930714/osal_freertos.o
LOAD build/sam_e70_xult_freertos/production/_ext/1360937237/app.o
LOAD build/sam_e70_xult_freertos/production/_ext/1552905064/tasks.o
LOAD build/sam_e70_xult_freertos/production/_ext/810785262/tcpip_heap_alloc.o
LOAD build/sam_e70_xult_freertos/production/_ext/810785262/tcpip_heap_internal.o
LOAD build/sam_e70_xult_freertos/production/_ext/810785262/helpers.o
LOAD build/sam_e70_xult_freertos/production/_ext/810785262/hash_fnv.o
LOAD build/sam_e70_xult_freertos/production/_ext/810785262/oahash.o
LOAD build/sam_e70_xult_freertos/production/_ext/810785262/tcpip_helpers.o
LOAD build/sam_e70_xult_freertos/production/_ext/810785262/tcpip_manager.o
LOAD build/sam_e70_xult_freertos/production/_ext/810785262/tcpip_notify.o
LOAD build/sam_e70_xult_freertos/production/_ext/810785262/tcpip_packet.o
LOAD build/sam_e70_xult_freertos/production/_ext/231871610/sys_time_h2_adapter.o
LOAD build/sam_e70_xult_freertos/production/_ext/1619526243/drv_gmac.o
LOAD build/sam_e70_xult_freertos/production/_ext/1619526243/drv_gmac_lib_samE7x_V7x.o
LOAD build/sam_e70_xult_freertos/production/_ext/1360937237/main.o
LOAD build/sam_e70_xult_freertos/production/_ext/1552905064/initialization.o
LOAD build/sam_e70_xult_freertos/production/_ext/1552905064/interrupts.o
LOAD build/sam_e70_xult_freertos/production/_ext/1552905064/exceptions.o
LOAD build/sam_e70_xult_freertos/production/_ext/146190766/xc32_monitor.o
LOAD build/sam_e70_xult_freertos/production/_ext/45647770/plib_clk.o
LOAD build/sam_e70_xult_freertos/production/_ext/45635366/plib_pio.o
LOAD build/sam_e70_xult_freertos/production/_ext/1414743522/plib_nvic.o
LOAD build/sam_e70_xult_freertos/production/_ext/45638026/plib_mpu.o
LOAD build/sam_e70_xult_freertos/production/_ext/1552905064/startup_xc32.o
LOAD build/sam_e70_xult_freertos/production/_ext/1552905064/libc_syscalls.o
LOAD build/sam_e70_xult_freertos/production/_ext/810785262/sntp.o
LOAD build/sam_e70_xult_freertos/production/_ext/810785262/tcpip_announce.o
LOAD build/sam_e70_xult_freertos/production/_ext/810785262/udp.o
LOAD build/sam_e70_xult_freertos/production/_ext/511568427/drv_miim.o
LOAD build/sam_e70_xult_freertos/production/_ext/1607428259/drv_ethphy.o
LOAD build/sam_e70_xult_freertos/production/_ext/1607428259/drv_extphy_smsc8740.o
LOAD build/sam_e70_xult_freertos/production/_ext/805309515/sys_fs.o
LOAD build/sam_e70_xult_freertos/production/_ext/805309515/sys_fs_media_manager.o
LOAD build/sam_e70_xult_freertos/production/_ext/928355007/ff.o
LOAD build/sam_e70_xult_freertos/production/_ext/928355007/diskio.o
LOAD build/sam_e70_xult_freertos/production/_ext/57042178/mpfs.o
LOAD build/sam_e70_xult_freertos/production/_ext/762686499/sys_console.o
LOAD build/sam_e70_xult_freertos/production/_ext/762686499/sys_console_uart.o
LOAD build/sam_e70_xult_freertos/production/_ext/762686499/sys_command.o
LOAD build/sam_e70_xult_freertos/production/_ext/1839511917/crypto.o
LOAD build/sam_e70_xult_freertos/production/_ext/1839511917/aes.o
LOAD build/sam_e70_xult_freertos/production/_ext/1839511917/arc4.o
LOAD build/sam_e70_xult_freertos/production/_ext/1839511917/asm.o
LOAD build/sam_e70_xult_freertos/production/_ext/1839511917/asn.o
LOAD build/sam_e70_xult_freertos/production/_ext/1839511917/async.o
LOAD build/sam_e70_xult_freertos/production/_ext/1839511917/camellia.o
LOAD build/sam_e70_xult_freertos/production/_ext/1839511917/chacha.o
LOAD build/sam_e70_xult_freertos/production/_ext/1839511917/chacha20_poly1305.o
LOAD build/sam_e70_xult_freertos/production/_ext/1839511917/cmac.o
LOAD build/sam_e70_xult_freertos/production/_ext/1839511917/coding.o
LOAD build/sam_e70_xult_freertos/production/_ext/1839511917/compress.o
LOAD build/sam_e70_xult_freertos/production/_ext/1839511917/curve25519.o
LOAD build/sam_e70_xult_freertos/production/_ext/1839511917/dh.o
LOAD build/sam_e70_xult_freertos/production/_ext/1839511917/dsa.o
LOAD build/sam_e70_xult_freertos/production/_ext/1839511917/ed25519.o
LOAD build/sam_e70_xult_freertos/production/_ext/1839511917/error.o
LOAD build/sam_e70_xult_freertos/production/_ext/1839511917/fe_low_mem.o
LOAD build/sam_e70_xult_freertos/production/_ext/1839511917/fe_operations.o
LOAD build/sam_e70_xult_freertos/production/_ext/1839511917/ge_low_mem.o
LOAD build/sam_e70_xult_freertos/production/_ext/1839511917/ge_operations.o
LOAD build/sam_e70_xult_freertos/production/_ext/1839511917/hash.o
LOAD build/sam_e70_xult_freertos/production/_ext/1839511917/hc128.o
LOAD build/sam_e70_xult_freertos/production/_ext/1839511917/hmac.o
LOAD build/sam_e70_xult_freertos/production/_ext/1839511917/idea.o
LOAD build/sam_e70_xult_freertos/production/_ext/1839511917/integer.o
LOAD build/sam_e70_xult_freertos/production/_ext/1839511917/logging.o
LOAD build/sam_e70_xult_freertos/production/_ext/1839511917/md2.o
LOAD build/sam_e70_xult_freertos/production/_ext/1839511917/md4.o
LOAD build/sam_e70_xult_freertos/production/_ext/1839511917/memory.o
LOAD build/sam_e70_xult_freertos/production/_ext/1839511917/misc.o
LOAD build/sam_e70_xult_freertos/production/_ext/1839511917/pkcs12.o
LOAD build/sam_e70_xult_freertos/production/_ext/1839511917/pkcs7.o
LOAD build/sam_e70_xult_freertos/production/_ext/1839511917/poly1305.o
LOAD build/sam_e70_xult_freertos/production/_ext/1839511917/pwdbased.o
LOAD build/sam_e70_xult_freertos/production/_ext/1839511917/rabbit.o
LOAD build/sam_e70_xult_freertos/production/_ext/1839511917/random.o
LOAD build/sam_e70_xult_freertos/production/_ext/1839511917/ripemd.o
LOAD build/sam_e70_xult_freertos/production/_ext/1839511917/sha.o
LOAD build/sam_e70_xult_freertos/production/_ext/1839511917/sha256.o
LOAD build/sam_e70_xult_freertos/production/_ext/1839511917/sha3.o
LOAD build/sam_e70_xult_freertos/production/_ext/1839511917/signature.o
LOAD build/sam_e70_xult_freertos/production/_ext/1839511917/sha512.o
LOAD build/sam_e70_xult_freertos/production/_ext/1839511917/srp.o
LOAD build/sam_e70_xult_freertos/production/_ext/1839511917/tfm.o
LOAD build/sam_e70_xult_freertos/production/_ext/1839511917/wc_encrypt.o
LOAD build/sam_e70_xult_freertos/production/_ext/1839511917/wc_pkcs11.o
LOAD build/sam_e70_xult_freertos/production/_ext/1839511917/wc_port.o
LOAD build/sam_e70_xult_freertos/production/_ext/1839511917/wolfevent.o
LOAD build/sam_e70_xult_freertos/production/_ext/1839511917/wolfmath.o
LOAD build/sam_e70_xult_freertos/production/_ext/1839511917/des3.o
LOAD build/sam_e70_xult_freertos/production/_ext/1839511917/md5.o
LOAD build/sam_e70_xult_freertos/production/_ext/2081623138/adler32.o
LOAD build/sam_e70_xult_freertos/production/_ext/2081623138/crc32.o
LOAD build/sam_e70_xult_freertos/production/_ext/2081623138/deflate.o
LOAD build/sam_e70_xult_freertos/production/_ext/2081623138/inflate.o
LOAD build/sam_e70_xult_freertos/production/_ext/2081623138/trees.o
LOAD build/sam_e70_xult_freertos/production/_ext/2081623138/zutil.o
LOAD build/sam_e70_xult_freertos/production/_ext/2081623138/inftrees.o
LOAD build/sam_e70_xult_freertos/production/_ext/2081623138/inffast.o
LOAD build/sam_e70_xult_freertos/production/_ext/1839511917/rsa.o
LOAD build/sam_e70_xult_freertos/production/_ext/1839511917/ecc.o
LOAD build/sam_e70_xult_freertos/production/_ext/1839511917/ecc_fp.o
LOAD build/sam_e70_xult_freertos/production/_ext/1552905064/freertos_hooks.o
LOAD build/sam_e70_xult_freertos/production/_ext/404212886/croutine.o
LOAD build/sam_e70_xult_freertos/production/_ext/404212886/list.o
LOAD build/sam_e70_xult_freertos/production/_ext/404212886/queue.o
LOAD build/sam_e70_xult_freertos/production/_ext/404212886/FreeRTOS_tasks.o
LOAD build/sam_e70_xult_freertos/production/_ext/404212886/timers.o
LOAD build/sam_e70_xult_freertos/production/_ext/404212886/event_groups.o
LOAD build/sam_e70_xult_freertos/production/_ext/404212886/stream_buffer.o
LOAD build/sam_e70_xult_freertos/production/_ext/1665200909/heap_3.o
LOAD build/sam_e70_xult_freertos/production/_ext/977623654/port.o
                0x0000000000000001                __MPLAB_BUILD = 0x1
                0x0000000000019a00                _min_heap_size = 0x19a00
START GROUP
LOAD /Applications/microchip/xc32/v2.15/bin/bin/../../lib/gcc/pic32c/6.2.1/../../../../pic32c/lib/v7e-m/fpv5/hard/libpic32c.a
LOAD /Applications/microchip/xc32/v2.15/bin/bin/../../lib/gcc/pic32c/6.2.1/v7e-m/fpv5/hard/libgcc.a
LOAD /Applications/microchip/xc32/v2.15/bin/bin/../../lib/gcc/pic32c/6.2.1/../../../../pic32c/lib/v7e-m/fpv5/hard/libc.a
LOAD /Applications/microchip/xc32/v2.15/bin/bin/../../lib/gcc/pic32c/6.2.1/../../../../pic32c/lib/v7e-m/fpv5/hard/libm.a
END GROUP
LOAD /Applications/microchip/xc32/v2.15/bin/bin/../../lib/gcc/pic32c/6.2.1/v7e-m/fpv5/hard/crtend.o
LOAD /Applications/microchip/xc32/v2.15/bin/bin/../../lib/gcc/pic32c/6.2.1/v7e-m/fpv5/hard/crtn.o
                0x0000000000600000                __rom_end = (ORIGIN (rom) + LENGTH (rom))
                0x0000000020460000                __ram_end = (ORIGIN (ram) + LENGTH (ram))

.vectors        0x0000000000400000      0x168
                0x0000000000400000                . = ALIGN (0x4)
                0x0000000000400000                _sfixed = .
 *(.vectors .vectors.* .vectors_default .vectors_default.*)
 .vectors       0x0000000000400000      0x168 build/sam_e70_xult_freertos/production/_ext/1552905064/interrupts.o
                0x0000000000400000                exception_table
 *(.isr_vector)
 *(.reset*)
 *(.after_vectors)

.text           0x0000000000400168       0x24
                0x0000000000400168                . = ALIGN (0x4)
 *(.glue_7t)
 .glue_7t       0x0000000000400168        0x0 linker stubs
 *(.glue_7)
 .glue_7        0x0000000000400168        0x0 linker stubs
 *(.gnu.linkonce.r.*)
 *(.ARM.extab* .gnu.linkonce.armextab.*)
                0x0000000000400168                . = ALIGN (0x4)
 *(.init)
 .init          0x0000000000400168        0x4 /Applications/microchip/xc32/v2.15/bin/bin/../../lib/gcc/pic32c/6.2.1/v7e-m/fpv5/hard/crti.o
                0x0000000000400168                _init
 .init          0x000000000040016c        0x8 /Applications/microchip/xc32/v2.15/bin/bin/../../lib/gcc/pic32c/6.2.1/v7e-m/fpv5/hard/crtn.o
                0x0000000000400174                . = ALIGN (0x4)
                0x0000000000400174                __preinit_array_start = .
 *(.preinit_array)
                0x0000000000400174                __preinit_array_end = .
                0x0000000000400174                . = ALIGN (0x4)
                0x0000000000400174                __init_array_start = .
 *(SORT(.init_array.*))
 .init_array.00000
                0x0000000000400174        0x4 /Applications/microchip/xc32/v2.15/bin/bin/../../lib/gcc/pic32c/6.2.1/../../../../pic32c/lib/v7e-m/fpv5/hard/libc.a(lib_a-__call_atexit.o)
 *(.init_array)
 .init_array    0x0000000000400178        0x4 /Applications/microchip/xc32/v2.15/bin/bin/../../lib/gcc/pic32c/6.2.1/v7e-m/fpv5/hard/crtbegin.o
                0x000000000040017c                __init_array_end = .
                0x000000000040017c                . = ALIGN (0x4)
 *crtbegin.o(.ctors)
 *(EXCLUDE_FILE(*crtend.o) .ctors)
 *(SORT(.ctors.*))
 *crtend.o(.ctors)
                0x000000000040017c                . = ALIGN (0x4)
 *(.fini)
 .fini          0x000000000040017c        0x4 /Applications/microchip/xc32/v2.15/bin/bin/../../lib/gcc/pic32c/6.2.1/v7e-m/fpv5/hard/crti.o
                0x000000000040017c                _fini
 .fini          0x0000000000400180        0x8 /Applications/microchip/xc32/v2.15/bin/bin/../../lib/gcc/pic32c/6.2.1/v7e-m/fpv5/hard/crtn.o
                0x0000000000400188                . = ALIGN (0x4)
                0x0000000000400188                __fini_array_start = .
 *(.fini_array)
 .fini_array    0x0000000000400188        0x4 /Applications/microchip/xc32/v2.15/bin/bin/../../lib/gcc/pic32c/6.2.1/v7e-m/fpv5/hard/crtbegin.o
 *(SORT(.fini_array.*))
                0x000000000040018c                __fini_array_end = .
 *crtbegin.o(.dtors)
 *(EXCLUDE_FILE(*crtend.o) .dtors)
 *(SORT(.dtors.*))
 *crtend.o(.dtors)
                0x000000000040018c                . = ALIGN (0x4)
                0x000000000040018c                _efixed = .
                [!provide]                        PROVIDE (__exidx_start, .)

.ARM.exidx      0x000000000040018c        0x8
 *(.ARM.exidx* .gnu.linkonce.armexidx.*)
 .ARM.exidx     0x000000000040018c        0x8 /Applications/microchip/xc32/v2.15/bin/bin/../../lib/gcc/pic32c/6.2.1/v7e-m/fpv5/hard/libgcc.a(_udivmoddi4.o)
                [!provide]                        PROVIDE (__exidx_end, .)
                0x0000000000400194                . = ALIGN (0x4)
                0x0000000000400194                _etext = .

.bss            0x0000000020400000     0x2400
                0x0000000020400000                . = ALIGN (0x4)
                0x0000000020400000                __bss_start__ = .
                0x0000000020400000                _sbss = .
                0x0000000020400000                _szero = .
 *(COMMON)
 COMMON         0x0000000020400000        0x4 build/sam_e70_xult_freertos/production/_ext/1360937237/custom_http_net_app.o
                0x0000000020400000                Update_Item
 COMMON         0x0000000020400004        0x8 build/sam_e70_xult_freertos/production/_ext/45646042/plib_efc.o
                0x0000000020400004                efc
 COMMON         0x000000002040000c        0x8 build/sam_e70_xult_freertos/production/_ext/1245453995/plib_tc0.o
                0x000000002040000c                TC0_CH0_CallbackObj
 COMMON         0x0000000020400014        0x4 build/sam_e70_xult_freertos/production/_ext/1215076966/drv_memory_efc.o
                0x0000000020400014                efcEventHandler
 COMMON         0x0000000020400018      0x31c build/sam_e70_xult_freertos/production/_ext/1730304427/net_pres.o
                0x0000000020400018                sNetPresData
                0x0000000020400244                sNetPresSockets
 COMMON         0x0000000020400334       0x30 build/sam_e70_xult_freertos/production/_ext/901008055/plib_usart1.o
                0x0000000020400334                usart1Obj
 COMMON         0x0000000020400364        0x8 build/sam_e70_xult_freertos/production/_ext/1360937237/app.o
                0x0000000020400364                appData
 COMMON         0x000000002040036c        0x4 build/sam_e70_xult_freertos/production/_ext/1552905064/tasks.o
                0x000000002040036c                xAPP_Tasks
 COMMON         0x0000000020400370       0x18 build/sam_e70_xult_freertos/production/_ext/1552905064/initialization.o
                0x0000000020400370                sysObj
 *fill*         0x0000000020400388       0x18 
 COMMON         0x00000000204003a0     0x1df8 build/sam_e70_xult_freertos/production/_ext/805309515/sys_fs.o
                0x00000000204003a0                gSysFsMutex
                0x00000000204003c0                gSYSFSFileObj
                0x0000000020401fe0                gSYSFSDirObj
                0x0000000020402170                gSYSFSCurrentMountPoint
                0x0000000020402178                gSYSFSObj
                0x0000000020402180                errorValue
                0x0000000020402184                gSYSFSMountPoint
 *fill*         0x0000000020402198        0x8 
 COMMON         0x00000000204021a0      0x25c build/sam_e70_xult_freertos/production/_ext/805309515/sys_fs_media_manager.o
                0x00000000204021a0                gSYSFSMediaObject
                0x00000000204021c8                VolToPart
                0x00000000204021e0                gSYSFSMediaBuffer
                0x00000000204023e0                gSYSFSVolumeObject
 COMMON         0x00000000204023fc        0x4 /Applications/microchip/xc32/v2.15/bin/bin/../../lib/gcc/pic32c/6.2.1/../../../../pic32c/lib/v7e-m/fpv5/hard/libc.a(lib_a-reent.o)
                0x00000000204023fc                errno
                0x0000000020402400                . = ALIGN (0x4)
                0x0000000020402400                __bss_end__ = .
                0x0000000020402400                _ebss = .
                0x0000000020402400                _ezero = .
                0x0000000020402400                . = ALIGN (0x4)
                0x0000000020402400                _end = .
                0x000000002045ffff                _ram_end_ = ((ORIGIN (ram) + LENGTH (ram)) - 0x1)
OUTPUT(dist/sam_e70_xult_freertos/production/sam_e70_xult_freertos.X.production.elf elf32-littlearm)
LOAD stack
LOAD data_init

.ARM.attributes
                0x0000000000000000       0x2e
 .ARM.attributes
                0x0000000000000000       0x20 /Applications/microchip/xc32/v2.15/bin/bin/../../lib/gcc/pic32c/6.2.1/v7e-m/fpv5/hard/crti.o
 .ARM.attributes
                0x0000000000000020       0x32 /Applications/microchip/xc32/v2.15/bin/bin/../../lib/gcc/pic32c/6.2.1/v7e-m/fpv5/hard/crtbegin.o
 .ARM.attributes
                0x0000000000000052       0x37 build/sam_e70_xult_freertos/production/_ext/810785262/dns.o
 .ARM.attributes
                0x0000000000000089       0x37 build/sam_e70_xult_freertos/production/_ext/502395768/sys_fs_wrapper.o
 .ARM.attributes
                0x00000000000000c0       0x37 build/sam_e70_xult_freertos/production/_ext/810785262/icmp.o
 .ARM.attributes
                0x00000000000000f7       0x37 build/sam_e70_xult_freertos/production/_ext/1215076966/drv_memory.o
 .ARM.attributes
                0x000000000000012e       0x37 build/sam_e70_xult_freertos/production/_ext/1215076966/drv_memory_file_system.o
 .ARM.attributes
                0x0000000000000165       0x37 build/sam_e70_xult_freertos/production/_ext/810785262/http_net.o
 .ARM.attributes
                0x000000000000019c       0x37 build/sam_e70_xult_freertos/production/_ext/1360937237/http_net_print.o
 .ARM.attributes
                0x00000000000001d3       0x37 build/sam_e70_xult_freertos/production/_ext/1360937237/custom_http_net_app.o
 .ARM.attributes
                0x000000000000020a       0x37 build/sam_e70_xult_freertos/production/_ext/1360937237/mpfs_net_img.o
 .ARM.attributes
                0x0000000000000241       0x37 build/sam_e70_xult_freertos/production/_ext/810785262/nbns.o
 .ARM.attributes
                0x0000000000000278       0x37 build/sam_e70_xult_freertos/production/_ext/810785262/tcp.o
 .ARM.attributes
                0x00000000000002af       0x37 build/sam_e70_xult_freertos/production/_ext/45646042/plib_efc.o
 .ARM.attributes
                0x00000000000002e6       0x37 build/sam_e70_xult_freertos/production/_ext/810785262/dhcp.o
 .ARM.attributes
                0x000000000000031d       0x37 build/sam_e70_xult_freertos/production/_ext/810785262/arp.o
 .ARM.attributes
                0x0000000000000354       0x37 build/sam_e70_xult_freertos/production/_ext/810785262/icmpv6.o
 .ARM.attributes
                0x000000000000038b       0x37 build/sam_e70_xult_freertos/production/_ext/1245453995/plib_tc0.o
 .ARM.attributes
                0x00000000000003c2       0x37 build/sam_e70_xult_freertos/production/_ext/912870411/sys_time.o
 .ARM.attributes
                0x00000000000003f9       0x37 build/sam_e70_xult_freertos/production/_ext/810785262/ndp.o
 .ARM.attributes
                0x0000000000000430       0x37 build/sam_e70_xult_freertos/production/_ext/683629640/bsp.o
 .ARM.attributes
                0x0000000000000467       0x37 build/sam_e70_xult_freertos/production/_ext/810785262/tcpip_commands.o
 .ARM.attributes
                0x000000000000049e       0x37 build/sam_e70_xult_freertos/production/_ext/1215076966/drv_memory_efc.o
 .ARM.attributes
                0x00000000000004d5       0x37 build/sam_e70_xult_freertos/production/_ext/810785262/ipv6.o
 .ARM.attributes
                0x000000000000050c       0x37 build/sam_e70_xult_freertos/production/_ext/1730304427/net_pres.o
 .ARM.attributes
                0x0000000000000543       0x37 build/sam_e70_xult_freertos/production/_ext/810785262/ipv4.o
 .ARM.attributes
                0x000000000000057a       0x37 build/sam_e70_xult_freertos/production/_ext/901008055/plib_usart1.o
 .ARM.attributes
                0x00000000000005b1       0x37 build/sam_e70_xult_freertos/production/_ext/810785262/smtpc.o
 .ARM.attributes
                0x00000000000005e8       0x37 build/sam_e70_xult_freertos/production/_ext/1775855163/sys_int.o
 .ARM.attributes
                0x000000000000061f       0x37 build/sam_e70_xult_freertos/production/_ext/281930714/osal_freertos.o
 .ARM.attributes
                0x0000000000000656       0x37 build/sam_e70_xult_freertos/production/_ext/1360937237/app.o
 .ARM.attributes
                0x000000000000068d       0x37 build/sam_e70_xult_freertos/production/_ext/1552905064/tasks.o
 .ARM.attributes
                0x00000000000006c4       0x37 build/sam_e70_xult_freertos/production/_ext/810785262/tcpip_heap_alloc.o
 .ARM.attributes
                0x00000000000006fb       0x37 build/sam_e70_xult_freertos/production/_ext/810785262/tcpip_heap_internal.o
 .ARM.attributes
                0x0000000000000732       0x37 build/sam_e70_xult_freertos/production/_ext/810785262/helpers.o
 .ARM.attributes
                0x0000000000000769       0x37 build/sam_e70_xult_freertos/production/_ext/810785262/hash_fnv.o
 .ARM.attributes
                0x00000000000007a0       0x37 build/sam_e70_xult_freertos/production/_ext/810785262/oahash.o
 .ARM.attributes
                0x00000000000007d7       0x37 build/sam_e70_xult_freertos/production/_ext/810785262/tcpip_helpers.o
 .ARM.attributes
                0x000000000000080e       0x37 build/sam_e70_xult_freertos/production/_ext/810785262/tcpip_manager.o
 .ARM.attributes
                0x0000000000000845       0x37 build/sam_e70_xult_freertos/production/_ext/810785262/tcpip_notify.o
 .ARM.attributes
                0x000000000000087c       0x37 build/sam_e70_xult_freertos/production/_ext/810785262/tcpip_packet.o
 .ARM.attributes
                0x00000000000008b3       0x37 build/sam_e70_xult_freertos/production/_ext/231871610/sys_time_h2_adapter.o
 .ARM.attributes
                0x00000000000008ea       0x37 build/sam_e70_xult_freertos/production/_ext/1619526243/drv_gmac.o
 .ARM.attributes
                0x0000000000000921       0x37 build/sam_e70_xult_freertos/production/_ext/1619526243/drv_gmac_lib_samE7x_V7x.o
 .ARM.attributes
                0x0000000000000958       0x37 build/sam_e70_xult_freertos/production/_ext/1360937237/main.o
 .ARM.attributes
                0x000000000000098f       0x37 build/sam_e70_xult_freertos/production/_ext/1552905064/initialization.o
 .ARM.attributes
                0x00000000000009c6       0x37 build/sam_e70_xult_freertos/production/_ext/1552905064/interrupts.o
 .ARM.attributes
                0x00000000000009fd       0x37 build/sam_e70_xult_freertos/production/_ext/1552905064/exceptions.o
 .ARM.attributes
                0x0000000000000a34       0x37 build/sam_e70_xult_freertos/production/_ext/45647770/plib_clk.o
 .ARM.attributes
                0x0000000000000a6b       0x37 build/sam_e70_xult_freertos/production/_ext/45635366/plib_pio.o
 .ARM.attributes
                0x0000000000000aa2       0x37 build/sam_e70_xult_freertos/production/_ext/1414743522/plib_nvic.o
 .ARM.attributes
                0x0000000000000ad9       0x37 build/sam_e70_xult_freertos/production/_ext/45638026/plib_mpu.o
 .ARM.attributes
                0x0000000000000b10       0x37 build/sam_e70_xult_freertos/production/_ext/1552905064/startup_xc32.o
 .ARM.attributes
                0x0000000000000b47       0x37 build/sam_e70_xult_freertos/production/_ext/810785262/sntp.o
 .ARM.attributes
                0x0000000000000b7e       0x37 build/sam_e70_xult_freertos/production/_ext/810785262/tcpip_announce.o
 .ARM.attributes
                0x0000000000000bb5       0x37 build/sam_e70_xult_freertos/production/_ext/810785262/udp.o
 .ARM.attributes
                0x0000000000000bec       0x37 build/sam_e70_xult_freertos/production/_ext/511568427/drv_miim.o
 .ARM.attributes
                0x0000000000000c23       0x37 build/sam_e70_xult_freertos/production/_ext/1607428259/drv_ethphy.o
 .ARM.attributes
                0x0000000000000c5a       0x37 build/sam_e70_xult_freertos/production/_ext/1607428259/drv_extphy_smsc8740.o
 .ARM.attributes
                0x0000000000000c91       0x37 build/sam_e70_xult_freertos/production/_ext/805309515/sys_fs.o
 .ARM.attributes
                0x0000000000000cc8       0x37 build/sam_e70_xult_freertos/production/_ext/805309515/sys_fs_media_manager.o
 .ARM.attributes
                0x0000000000000cff       0x37 build/sam_e70_xult_freertos/production/_ext/57042178/mpfs.o
 .ARM.attributes
                0x0000000000000d36       0x37 build/sam_e70_xult_freertos/production/_ext/762686499/sys_console.o
 .ARM.attributes
                0x0000000000000d6d       0x37 build/sam_e70_xult_freertos/production/_ext/762686499/sys_console_uart.o
 .ARM.attributes
                0x0000000000000da4       0x37 build/sam_e70_xult_freertos/production/_ext/762686499/sys_command.o
 .ARM.attributes
                0x0000000000000ddb       0x37 build/sam_e70_xult_freertos/production/_ext/1839511917/crypto.o
 .ARM.attributes
                0x0000000000000e12       0x37 build/sam_e70_xult_freertos/production/_ext/1839511917/sha.o
 .ARM.attributes
                0x0000000000000e49       0x37 build/sam_e70_xult_freertos/production/_ext/1552905064/freertos_hooks.o
 .ARM.attributes
                0x0000000000000e80       0x37 build/sam_e70_xult_freertos/production/_ext/404212886/list.o
 .ARM.attributes
                0x0000000000000eb7       0x37 build/sam_e70_xult_freertos/production/_ext/404212886/queue.o
 .ARM.attributes
                0x0000000000000eee       0x37 build/sam_e70_xult_freertos/production/_ext/404212886/FreeRTOS_tasks.o
 .ARM.attributes
                0x0000000000000f25       0x37 build/sam_e70_xult_freertos/production/_ext/1665200909/heap_3.o
 .ARM.attributes
                0x0000000000000f5c       0x37 build/sam_e70_xult_freertos/production/_ext/977623654/port.o
 .ARM.attributes
                0x0000000000000f93       0x32 /Applications/microchip/xc32/v2.15/bin/bin/../../lib/gcc/pic32c/6.2.1/../../../../pic32c/lib/v7e-m/fpv5/hard/libpic32c.a(data_init.o)
 .ARM.attributes
                0x0000000000000fc5       0x20 /Applications/microchip/xc32/v2.15/bin/bin/../../lib/gcc/pic32c/6.2.1/v7e-m/fpv5/hard/libgcc.a(_aeabi_uldivmod.o)
 .ARM.attributes
                0x0000000000000fe5       0x32 /Applications/microchip/xc32/v2.15/bin/bin/../../lib/gcc/pic32c/6.2.1/v7e-m/fpv5/hard/libgcc.a(_udivmoddi4.o)
 .ARM.attributes
                0x0000000000001017       0x20 /Applications/microchip/xc32/v2.15/bin/bin/../../lib/gcc/pic32c/6.2.1/v7e-m/fpv5/hard/libgcc.a(_dvmd_tls.o)
 .ARM.attributes
                0x0000000000001037       0x32 /Applications/microchip/xc32/v2.15/bin/bin/../../lib/gcc/pic32c/6.2.1/../../../../pic32c/lib/v7e-m/fpv5/hard/libc.a(lib_a-atoi.o)
 .ARM.attributes
                0x0000000000001069       0x32 /Applications/microchip/xc32/v2.15/bin/bin/../../lib/gcc/pic32c/6.2.1/../../../../pic32c/lib/v7e-m/fpv5/hard/libc.a(lib_a-atol.o)
 .ARM.attributes
                0x000000000000109b       0x32 /Applications/microchip/xc32/v2.15/bin/bin/../../lib/gcc/pic32c/6.2.1/../../../../pic32c/lib/v7e-m/fpv5/hard/libc.a(lib_a-calloc.o)
 .ARM.attributes
                0x00000000000010cd       0x32 /Applications/microchip/xc32/v2.15/bin/bin/../../lib/gcc/pic32c/6.2.1/../../../../pic32c/lib/v7e-m/fpv5/hard/libc.a(lib_a-callocr.o)
 .ARM.attributes
                0x00000000000010ff       0x32 /Applications/microchip/xc32/v2.15/bin/bin/../../lib/gcc/pic32c/6.2.1/../../../../pic32c/lib/v7e-m/fpv5/hard/libc.a(lib_a-impure.o)
 .ARM.attributes
                0x0000000000001131       0x32 /Applications/microchip/xc32/v2.15/bin/bin/../../lib/gcc/pic32c/6.2.1/../../../../pic32c/lib/v7e-m/fpv5/hard/libc.a(lib_a-init.o)
 .ARM.attributes
                0x0000000000001163       0x32 /Applications/microchip/xc32/v2.15/bin/bin/../../lib/gcc/pic32c/6.2.1/../../../../pic32c/lib/v7e-m/fpv5/hard/libc.a(lib_a-locale.o)
 .ARM.attributes
                0x0000000000001195       0x32 /Applications/microchip/xc32/v2.15/bin/bin/../../lib/gcc/pic32c/6.2.1/../../../../pic32c/lib/v7e-m/fpv5/hard/libc.a(lib_a-malloc.o)
 .ARM.attributes
                0x00000000000011c7       0x32 /Applications/microchip/xc32/v2.15/bin/bin/../../lib/gcc/pic32c/6.2.1/../../../../pic32c/lib/v7e-m/fpv5/hard/libc.a(lib_a-mallocr.o)
 .ARM.attributes
                0x00000000000011f9       0x32 /Applications/microchip/xc32/v2.15/bin/bin/../../lib/gcc/pic32c/6.2.1/../../../../pic32c/lib/v7e-m/fpv5/hard/libc.a(lib_a-mbtowc_r.o)
 .ARM.attributes
                0x000000000000122b       0x32 /Applications/microchip/xc32/v2.15/bin/bin/../../lib/gcc/pic32c/6.2.1/../../../../pic32c/lib/v7e-m/fpv5/hard/libc.a(lib_a-memcmp.o)
 .ARM.attributes
                0x000000000000125d       0x1e /Applications/microchip/xc32/v2.15/bin/bin/../../lib/gcc/pic32c/6.2.1/../../../../pic32c/lib/v7e-m/fpv5/hard/libc.a(lib_a-memcpy.o)
 .ARM.attributes
                0x000000000000127b       0x32 /Applications/microchip/xc32/v2.15/bin/bin/../../lib/gcc/pic32c/6.2.1/../../../../pic32c/lib/v7e-m/fpv5/hard/libc.a(lib_a-memset.o)
 .ARM.attributes
                0x00000000000012ad       0x32 /Applications/microchip/xc32/v2.15/bin/bin/../../lib/gcc/pic32c/6.2.1/../../../../pic32c/lib/v7e-m/fpv5/hard/libc.a(lib_a-mlock.o)
 .ARM.attributes
                0x00000000000012df       0x32 /Applications/microchip/xc32/v2.15/bin/bin/../../lib/gcc/pic32c/6.2.1/../../../../pic32c/lib/v7e-m/fpv5/hard/libc.a(lib_a-rand.o)
 .ARM.attributes
                0x0000000000001311       0x32 /Applications/microchip/xc32/v2.15/bin/bin/../../lib/gcc/pic32c/6.2.1/../../../../pic32c/lib/v7e-m/fpv5/hard/libc.a(lib_a-reallocr.o)
 .ARM.attributes
                0x0000000000001343       0x32 /Applications/microchip/xc32/v2.15/bin/bin/../../lib/gcc/pic32c/6.2.1/../../../../pic32c/lib/v7e-m/fpv5/hard/libc.a(lib_a-sbrkr.o)
 .ARM.attributes
                0x0000000000001375       0x32 /Applications/microchip/xc32/v2.15/bin/bin/../../lib/gcc/pic32c/6.2.1/../../../../pic32c/lib/v7e-m/fpv5/hard/libc.a(lib_a-snprintf.o)
 .ARM.attributes
                0x00000000000013a7       0x32 /Applications/microchip/xc32/v2.15/bin/bin/../../lib/gcc/pic32c/6.2.1/../../../../pic32c/lib/v7e-m/fpv5/hard/libc.a(lib_a-sprintf.o)
 .ARM.attributes
                0x00000000000013d9       0x32 /Applications/microchip/xc32/v2.15/bin/bin/../../lib/gcc/pic32c/6.2.1/../../../../pic32c/lib/v7e-m/fpv5/hard/libc.a(lib_a-strchr.o)
 .ARM.attributes
                0x000000000000140b       0x1e /Applications/microchip/xc32/v2.15/bin/bin/../../lib/gcc/pic32c/6.2.1/../../../../pic32c/lib/v7e-m/fpv5/hard/libc.a(lib_a-strcmp.o)
 .ARM.attributes
                0x0000000000001429       0x32 /Applications/microchip/xc32/v2.15/bin/bin/../../lib/gcc/pic32c/6.2.1/../../../../pic32c/lib/v7e-m/fpv5/hard/libc.a(lib_a-strcpy.o)
 .ARM.attributes
                0x000000000000145b       0x32 /Applications/microchip/xc32/v2.15/bin/bin/../../lib/gcc/pic32c/6.2.1/../../../../pic32c/lib/v7e-m/fpv5/hard/libc.a(lib_a-strcspn.o)
 .ARM.attributes
                0x000000000000148d       0x1e /Applications/microchip/xc32/v2.15/bin/bin/../../lib/gcc/pic32c/6.2.1/../../../../pic32c/lib/v7e-m/fpv5/hard/libc.a(lib_a-strlen.o)
 .ARM.attributes
                0x00000000000014ab       0x32 /Applications/microchip/xc32/v2.15/bin/bin/../../lib/gcc/pic32c/6.2.1/../../../../pic32c/lib/v7e-m/fpv5/hard/libc.a(lib_a-strncat.o)
 .ARM.attributes
                0x00000000000014dd       0x32 /Applications/microchip/xc32/v2.15/bin/bin/../../lib/gcc/pic32c/6.2.1/../../../../pic32c/lib/v7e-m/fpv5/hard/libc.a(lib_a-strncmp.o)
 .ARM.attributes
                0x000000000000150f       0x32 /Applications/microchip/xc32/v2.15/bin/bin/../../lib/gcc/pic32c/6.2.1/../../../../pic32c/lib/v7e-m/fpv5/hard/libc.a(lib_a-strncpy.o)
 .ARM.attributes
                0x0000000000001541       0x32 /Applications/microchip/xc32/v2.15/bin/bin/../../lib/gcc/pic32c/6.2.1/../../../../pic32c/lib/v7e-m/fpv5/hard/libc.a(lib_a-strrchr.o)
 .ARM.attributes
                0x0000000000001573       0x32 /Applications/microchip/xc32/v2.15/bin/bin/../../lib/gcc/pic32c/6.2.1/../../../../pic32c/lib/v7e-m/fpv5/hard/libc.a(lib_a-strstr.o)
 .ARM.attributes
                0x00000000000015a5       0x32 /Applications/microchip/xc32/v2.15/bin/bin/../../lib/gcc/pic32c/6.2.1/../../../../pic32c/lib/v7e-m/fpv5/hard/libc.a(lib_a-strtok.o)
 .ARM.attributes
                0x00000000000015d7       0x32 /Applications/microchip/xc32/v2.15/bin/bin/../../lib/gcc/pic32c/6.2.1/../../../../pic32c/lib/v7e-m/fpv5/hard/libc.a(lib_a-strtok_r.o)
 .ARM.attributes
                0x0000000000001609       0x32 /Applications/microchip/xc32/v2.15/bin/bin/../../lib/gcc/pic32c/6.2.1/../../../../pic32c/lib/v7e-m/fpv5/hard/libc.a(lib_a-strtol.o)
 .ARM.attributes
                0x000000000000163b       0x32 /Applications/microchip/xc32/v2.15/bin/bin/../../lib/gcc/pic32c/6.2.1/../../../../pic32c/lib/v7e-m/fpv5/hard/libc.a(lib_a-svfprintf.o)
 .ARM.attributes
                0x000000000000166d       0x32 /Applications/microchip/xc32/v2.15/bin/bin/../../lib/gcc/pic32c/6.2.1/../../../../pic32c/lib/v7e-m/fpv5/hard/libc.a(lib_a-vsnprintf.o)
 .ARM.attributes
                0x000000000000169f       0x32 /Applications/microchip/xc32/v2.15/bin/bin/../../lib/gcc/pic32c/6.2.1/../../../../pic32c/lib/v7e-m/fpv5/hard/libc.a(lib_a-wctomb_r.o)
 .ARM.attributes
                0x00000000000016d1       0x32 /Applications/microchip/xc32/v2.15/bin/bin/../../lib/gcc/pic32c/6.2.1/../../../../pic32c/lib/v7e-m/fpv5/hard/libc.a(lib_a-__call_atexit.o)
 .ARM.attributes
                0x0000000000001703       0x32 /Applications/microchip/xc32/v2.15/bin/bin/../../lib/gcc/pic32c/6.2.1/../../../../pic32c/lib/v7e-m/fpv5/hard/libc.a(lib_a-atexit.o)
 .ARM.attributes
                0x0000000000001735       0x32 /Applications/microchip/xc32/v2.15/bin/bin/../../lib/gcc/pic32c/6.2.1/../../../../pic32c/lib/v7e-m/fpv5/hard/libc.a(lib_a-ctype_.o)
 .ARM.attributes
                0x0000000000001767       0x32 /Applications/microchip/xc32/v2.15/bin/bin/../../lib/gcc/pic32c/6.2.1/../../../../pic32c/lib/v7e-m/fpv5/hard/libc.a(lib_a-dtoa.o)
 .ARM.attributes
                0x0000000000001799       0x32 /Applications/microchip/xc32/v2.15/bin/bin/../../lib/gcc/pic32c/6.2.1/../../../../pic32c/lib/v7e-m/fpv5/hard/libc.a(lib_a-fini.o)
 .ARM.attributes
                0x00000000000017cb       0x32 /Applications/microchip/xc32/v2.15/bin/bin/../../lib/gcc/pic32c/6.2.1/../../../../pic32c/lib/v7e-m/fpv5/hard/libc.a(lib_a-freer.o)
 .ARM.attributes
                0x00000000000017fd       0x32 /Applications/microchip/xc32/v2.15/bin/bin/../../lib/gcc/pic32c/6.2.1/../../../../pic32c/lib/v7e-m/fpv5/hard/libc.a(lib_a-localeconv.o)
 .ARM.attributes
                0x000000000000182f       0x1e /Applications/microchip/xc32/v2.15/bin/bin/../../lib/gcc/pic32c/6.2.1/../../../../pic32c/lib/v7e-m/fpv5/hard/libc.a(lib_a-memchr.o)
 .ARM.attributes
                0x000000000000184d       0x32 /Applications/microchip/xc32/v2.15/bin/bin/../../lib/gcc/pic32c/6.2.1/../../../../pic32c/lib/v7e-m/fpv5/hard/libc.a(lib_a-memmove.o)
 .ARM.attributes
                0x000000000000187f       0x32 /Applications/microchip/xc32/v2.15/bin/bin/../../lib/gcc/pic32c/6.2.1/../../../../pic32c/lib/v7e-m/fpv5/hard/libc.a(lib_a-mprec.o)
 .ARM.attributes
                0x00000000000018b1       0x32 /Applications/microchip/xc32/v2.15/bin/bin/../../lib/gcc/pic32c/6.2.1/../../../../pic32c/lib/v7e-m/fpv5/hard/libc.a(lib_a-reent.o)
 .ARM.attributes
                0x00000000000018e3       0x32 /Applications/microchip/xc32/v2.15/bin/bin/../../lib/gcc/pic32c/6.2.1/../../../../pic32c/lib/v7e-m/fpv5/hard/libc.a(lib_a-s_frexp.o)
 .ARM.attributes
                0x0000000000001915       0x32 /Applications/microchip/xc32/v2.15/bin/bin/../../lib/gcc/pic32c/6.2.1/../../../../pic32c/lib/v7e-m/fpv5/hard/libc.a(lib_a-svfiprintf.o)
 .ARM.attributes
                0x0000000000001947       0x32 /Applications/microchip/xc32/v2.15/bin/bin/../../lib/gcc/pic32c/6.2.1/../../../../pic32c/lib/v7e-m/fpv5/hard/libc.a(lib_a-__atexit.o)
 .ARM.attributes
                0x0000000000001979       0x32 /Applications/microchip/xc32/v2.15/bin/bin/../../lib/gcc/pic32c/6.2.1/../../../../pic32c/lib/v7e-m/fpv5/hard/libpic32c.a(sbrk.o)
 .ARM.attributes
                0x00000000000019ab       0x20 /Applications/microchip/xc32/v2.15/bin/bin/../../lib/gcc/pic32c/6.2.1/v7e-m/fpv5/hard/crtn.o

.debug_info     0x0000000000000000   0x1686bf
 .debug_info    0x0000000000000000     0x930e build/sam_e70_xult_freertos/production/_ext/810785262/dns.o
 .debug_info    0x000000000000930e     0x1ac0 build/sam_e70_xult_freertos/production/_ext/502395768/sys_fs_wrapper.o
 .debug_info    0x000000000000adce     0x55ff build/sam_e70_xult_freertos/production/_ext/810785262/icmp.o
 .debug_info    0x00000000000103cd     0x3979 build/sam_e70_xult_freertos/production/_ext/1215076966/drv_memory.o
 .debug_info    0x0000000000013d46     0x175f build/sam_e70_xult_freertos/production/_ext/1215076966/drv_memory_file_system.o
 .debug_info    0x00000000000154a5    0x107c3 build/sam_e70_xult_freertos/production/_ext/810785262/http_net.o
 .debug_info    0x0000000000025c68     0x5be5 build/sam_e70_xult_freertos/production/_ext/1360937237/http_net_print.o
 .debug_info    0x000000000002b84d     0xa20d build/sam_e70_xult_freertos/production/_ext/1360937237/custom_http_net_app.o
 .debug_info    0x0000000000035a5a     0x4c25 build/sam_e70_xult_freertos/production/_ext/1360937237/mpfs_net_img.o
 .debug_info    0x000000000003a67f     0x590a build/sam_e70_xult_freertos/production/_ext/810785262/nbns.o
 .debug_info    0x000000000003ff89     0xd78d build/sam_e70_xult_freertos/production/_ext/810785262/tcp.o
 .debug_info    0x000000000004d716     0x137e build/sam_e70_xult_freertos/production/_ext/45646042/plib_efc.o
 .debug_info    0x000000000004ea94     0xaeb9 build/sam_e70_xult_freertos/production/_ext/810785262/dhcp.o
 .debug_info    0x000000000005994d     0x86d4 build/sam_e70_xult_freertos/production/_ext/810785262/arp.o
 .debug_info    0x0000000000062021     0x8e26 build/sam_e70_xult_freertos/production/_ext/810785262/icmpv6.o
 .debug_info    0x000000000006ae47      0x90a build/sam_e70_xult_freertos/production/_ext/1245453995/plib_tc0.o
 .debug_info    0x000000000006b751     0x3490 build/sam_e70_xult_freertos/production/_ext/912870411/sys_time.o
 .debug_info    0x000000000006ebe1     0x897d build/sam_e70_xult_freertos/production/_ext/810785262/ndp.o
 .debug_info    0x000000000007755e      0xe19 build/sam_e70_xult_freertos/production/_ext/683629640/bsp.o
 .debug_info    0x0000000000078377     0xb1c6 build/sam_e70_xult_freertos/production/_ext/810785262/tcpip_commands.o
 .debug_info    0x000000000008353d     0x5188 build/sam_e70_xult_freertos/production/_ext/1215076966/drv_memory_efc.o
 .debug_info    0x00000000000886c5     0xdbff build/sam_e70_xult_freertos/production/_ext/810785262/ipv6.o
 .debug_info    0x00000000000962c4     0x3b23 build/sam_e70_xult_freertos/production/_ext/1730304427/net_pres.o
 .debug_info    0x0000000000099de7     0x7ff9 build/sam_e70_xult_freertos/production/_ext/810785262/ipv4.o
 .debug_info    0x00000000000a1de0      0xed8 build/sam_e70_xult_freertos/production/_ext/901008055/plib_usart1.o
 .debug_info    0x00000000000a2cb8     0xcc0b build/sam_e70_xult_freertos/production/_ext/810785262/smtpc.o
 .debug_info    0x00000000000af8c3      0xc90 build/sam_e70_xult_freertos/production/_ext/1775855163/sys_int.o
 .debug_info    0x00000000000b0553      0xa59 build/sam_e70_xult_freertos/production/_ext/281930714/osal_freertos.o
 .debug_info    0x00000000000b0fac     0x57de build/sam_e70_xult_freertos/production/_ext/1360937237/app.o
 .debug_info    0x00000000000b678a     0x4fc2 build/sam_e70_xult_freertos/production/_ext/1552905064/tasks.o
 .debug_info    0x00000000000bb74c     0x4629 build/sam_e70_xult_freertos/production/_ext/810785262/tcpip_heap_alloc.o
 .debug_info    0x00000000000bfd75     0x4fa3 build/sam_e70_xult_freertos/production/_ext/810785262/tcpip_heap_internal.o
 .debug_info    0x00000000000c4d18     0x11ad build/sam_e70_xult_freertos/production/_ext/810785262/helpers.o
 .debug_info    0x00000000000c5ec5      0xf13 build/sam_e70_xult_freertos/production/_ext/810785262/hash_fnv.o
 .debug_info    0x00000000000c6dd8     0x158d build/sam_e70_xult_freertos/production/_ext/810785262/oahash.o
 .debug_info    0x00000000000c8365     0x6eaa build/sam_e70_xult_freertos/production/_ext/810785262/tcpip_helpers.o
 .debug_info    0x00000000000cf20f     0xd418 build/sam_e70_xult_freertos/production/_ext/810785262/tcpip_manager.o
 .debug_info    0x00000000000dc627     0x44bd build/sam_e70_xult_freertos/production/_ext/810785262/tcpip_notify.o
 .debug_info    0x00000000000e0ae4     0x5481 build/sam_e70_xult_freertos/production/_ext/810785262/tcpip_packet.o
 .debug_info    0x00000000000e5f65      0x50f build/sam_e70_xult_freertos/production/_ext/231871610/sys_time_h2_adapter.o
 .debug_info    0x00000000000e6474     0xae0a build/sam_e70_xult_freertos/production/_ext/1619526243/drv_gmac.o
 .debug_info    0x00000000000f127e     0x942e build/sam_e70_xult_freertos/production/_ext/1619526243/drv_gmac_lib_samE7x_V7x.o
 .debug_info    0x00000000000fa6ac     0x4931 build/sam_e70_xult_freertos/production/_ext/1360937237/main.o
 .debug_info    0x00000000000fefdd     0x961d build/sam_e70_xult_freertos/production/_ext/1552905064/initialization.o
 .debug_info    0x00000000001085fa     0x55cc build/sam_e70_xult_freertos/production/_ext/1552905064/interrupts.o
 .debug_info    0x000000000010dbc6     0x49df build/sam_e70_xult_freertos/production/_ext/1552905064/exceptions.o
 .debug_info    0x00000000001125a5      0x8b8 build/sam_e70_xult_freertos/production/_ext/45647770/plib_clk.o
 .debug_info    0x0000000000112e5d      0xe96 build/sam_e70_xult_freertos/production/_ext/45635366/plib_pio.o
 .debug_info    0x0000000000113cf3      0xfd3 build/sam_e70_xult_freertos/production/_ext/1414743522/plib_nvic.o
 .debug_info    0x0000000000114cc6      0x8b6 build/sam_e70_xult_freertos/production/_ext/45638026/plib_mpu.o
 .debug_info    0x000000000011557c     0x52e8 build/sam_e70_xult_freertos/production/_ext/1552905064/startup_xc32.o
 .debug_info    0x000000000011a864     0x6cfb build/sam_e70_xult_freertos/production/_ext/810785262/sntp.o
 .debug_info    0x000000000012155f     0x78b4 build/sam_e70_xult_freertos/production/_ext/810785262/tcpip_announce.o
 .debug_info    0x0000000000128e13     0xb96a build/sam_e70_xult_freertos/production/_ext/810785262/udp.o
 .debug_info    0x000000000013477d     0x53a1 build/sam_e70_xult_freertos/production/_ext/511568427/drv_miim.o
 .debug_info    0x0000000000139b1e     0x8421 build/sam_e70_xult_freertos/production/_ext/1607428259/drv_ethphy.o
 .debug_info    0x0000000000141f3f     0x31d1 build/sam_e70_xult_freertos/production/_ext/1607428259/drv_extphy_smsc8740.o
 .debug_info    0x0000000000145110     0x4804 build/sam_e70_xult_freertos/production/_ext/805309515/sys_fs.o
 .debug_info    0x0000000000149914     0x32df build/sam_e70_xult_freertos/production/_ext/805309515/sys_fs_media_manager.o
 .debug_info    0x000000000014cbf3     0x26fa build/sam_e70_xult_freertos/production/_ext/57042178/mpfs.o
 .debug_info    0x000000000014f2ed     0x1917 build/sam_e70_xult_freertos/production/_ext/762686499/sys_console.o
 .debug_info    0x0000000000150c04     0x6425 build/sam_e70_xult_freertos/production/_ext/762686499/sys_console_uart.o
 .debug_info    0x0000000000157029     0x2e39 build/sam_e70_xult_freertos/production/_ext/762686499/sys_command.o
 .debug_info    0x0000000000159e62     0x25dc build/sam_e70_xult_freertos/production/_ext/1839511917/crypto.o
 .debug_info    0x000000000015c43e     0x384c build/sam_e70_xult_freertos/production/_ext/1839511917/sha.o
 .debug_info    0x000000000015fc8a      0x4c5 build/sam_e70_xult_freertos/production/_ext/1552905064/freertos_hooks.o
 .debug_info    0x000000000016014f     0x10dd build/sam_e70_xult_freertos/production/_ext/404212886/list.o
 .debug_info    0x000000000016122c     0x28fb build/sam_e70_xult_freertos/production/_ext/404212886/queue.o
 .debug_info    0x0000000000163b27     0x359a build/sam_e70_xult_freertos/production/_ext/404212886/FreeRTOS_tasks.o
 .debug_info    0x00000000001670c1      0xf19 build/sam_e70_xult_freertos/production/_ext/1665200909/heap_3.o
 .debug_info    0x0000000000167fda      0x6e5 build/sam_e70_xult_freertos/production/_ext/977623654/port.o

.debug_abbrev   0x0000000000000000    0x1064b
 .debug_abbrev  0x0000000000000000      0x5e9 build/sam_e70_xult_freertos/production/_ext/810785262/dns.o
 .debug_abbrev  0x00000000000005e9      0x29a build/sam_e70_xult_freertos/production/_ext/502395768/sys_fs_wrapper.o
 .debug_abbrev  0x0000000000000883      0x40a build/sam_e70_xult_freertos/production/_ext/810785262/icmp.o
 .debug_abbrev  0x0000000000000c8d      0x4c9 build/sam_e70_xult_freertos/production/_ext/1215076966/drv_memory.o
 .debug_abbrev  0x0000000000001156      0x205 build/sam_e70_xult_freertos/production/_ext/1215076966/drv_memory_file_system.o
 .debug_abbrev  0x000000000000135b      0x67d build/sam_e70_xult_freertos/production/_ext/810785262/http_net.o
 .debug_abbrev  0x00000000000019d8      0x31a build/sam_e70_xult_freertos/production/_ext/1360937237/http_net_print.o
 .debug_abbrev  0x0000000000001cf2      0x511 build/sam_e70_xult_freertos/production/_ext/1360937237/custom_http_net_app.o
 .debug_abbrev  0x0000000000002203      0x248 build/sam_e70_xult_freertos/production/_ext/1360937237/mpfs_net_img.o
 .debug_abbrev  0x000000000000244b      0x41e build/sam_e70_xult_freertos/production/_ext/810785262/nbns.o
 .debug_abbrev  0x0000000000002869      0x5d3 build/sam_e70_xult_freertos/production/_ext/810785262/tcp.o
 .debug_abbrev  0x0000000000002e3c      0x2f4 build/sam_e70_xult_freertos/production/_ext/45646042/plib_efc.o
 .debug_abbrev  0x0000000000003130      0x592 build/sam_e70_xult_freertos/production/_ext/810785262/dhcp.o
 .debug_abbrev  0x00000000000036c2      0x54c build/sam_e70_xult_freertos/production/_ext/810785262/arp.o
 .debug_abbrev  0x0000000000003c0e      0x4bc build/sam_e70_xult_freertos/production/_ext/810785262/icmpv6.o
 .debug_abbrev  0x00000000000040ca      0x182 build/sam_e70_xult_freertos/production/_ext/1245453995/plib_tc0.o
 .debug_abbrev  0x000000000000424c      0x572 build/sam_e70_xult_freertos/production/_ext/912870411/sys_time.o
 .debug_abbrev  0x00000000000047be      0x56c build/sam_e70_xult_freertos/production/_ext/810785262/ndp.o
 .debug_abbrev  0x0000000000004d2a      0x196 build/sam_e70_xult_freertos/production/_ext/683629640/bsp.o
 .debug_abbrev  0x0000000000004ec0      0x4d2 build/sam_e70_xult_freertos/production/_ext/810785262/tcpip_commands.o
 .debug_abbrev  0x0000000000005392      0x331 build/sam_e70_xult_freertos/production/_ext/1215076966/drv_memory_efc.o
 .debug_abbrev  0x00000000000056c3      0x668 build/sam_e70_xult_freertos/production/_ext/810785262/ipv6.o
 .debug_abbrev  0x0000000000005d2b      0x443 build/sam_e70_xult_freertos/production/_ext/1730304427/net_pres.o
 .debug_abbrev  0x000000000000616e      0x50b build/sam_e70_xult_freertos/production/_ext/810785262/ipv4.o
 .debug_abbrev  0x0000000000006679      0x2c4 build/sam_e70_xult_freertos/production/_ext/901008055/plib_usart1.o
 .debug_abbrev  0x000000000000693d      0x5ac build/sam_e70_xult_freertos/production/_ext/810785262/smtpc.o
 .debug_abbrev  0x0000000000006ee9      0x200 build/sam_e70_xult_freertos/production/_ext/1775855163/sys_int.o
 .debug_abbrev  0x00000000000070e9      0x19f build/sam_e70_xult_freertos/production/_ext/281930714/osal_freertos.o
 .debug_abbrev  0x0000000000007288      0x312 build/sam_e70_xult_freertos/production/_ext/1360937237/app.o
 .debug_abbrev  0x000000000000759a      0x2ad build/sam_e70_xult_freertos/production/_ext/1552905064/tasks.o
 .debug_abbrev  0x0000000000007847      0x299 build/sam_e70_xult_freertos/production/_ext/810785262/tcpip_heap_alloc.o
 .debug_abbrev  0x0000000000007ae0      0x3f2 build/sam_e70_xult_freertos/production/_ext/810785262/tcpip_heap_internal.o
 .debug_abbrev  0x0000000000007ed2      0x2ae build/sam_e70_xult_freertos/production/_ext/810785262/helpers.o
 .debug_abbrev  0x0000000000008180      0x1d0 build/sam_e70_xult_freertos/production/_ext/810785262/hash_fnv.o
 .debug_abbrev  0x0000000000008350      0x34c build/sam_e70_xult_freertos/production/_ext/810785262/oahash.o
 .debug_abbrev  0x000000000000869c      0x4fc build/sam_e70_xult_freertos/production/_ext/810785262/tcpip_helpers.o
 .debug_abbrev  0x0000000000008b98      0x639 build/sam_e70_xult_freertos/production/_ext/810785262/tcpip_manager.o
 .debug_abbrev  0x00000000000091d1      0x2eb build/sam_e70_xult_freertos/production/_ext/810785262/tcpip_notify.o
 .debug_abbrev  0x00000000000094bc      0x47d build/sam_e70_xult_freertos/production/_ext/810785262/tcpip_packet.o
 .debug_abbrev  0x0000000000009939      0x128 build/sam_e70_xult_freertos/production/_ext/231871610/sys_time_h2_adapter.o
 .debug_abbrev  0x0000000000009a61      0x61d build/sam_e70_xult_freertos/production/_ext/1619526243/drv_gmac.o
 .debug_abbrev  0x000000000000a07e      0x545 build/sam_e70_xult_freertos/production/_ext/1619526243/drv_gmac_lib_samE7x_V7x.o
 .debug_abbrev  0x000000000000a5c3      0x275 build/sam_e70_xult_freertos/production/_ext/1360937237/main.o
 .debug_abbrev  0x000000000000a838      0x341 build/sam_e70_xult_freertos/production/_ext/1552905064/initialization.o
 .debug_abbrev  0x000000000000ab79      0x24c build/sam_e70_xult_freertos/production/_ext/1552905064/interrupts.o
 .debug_abbrev  0x000000000000adc5      0x23b build/sam_e70_xult_freertos/production/_ext/1552905064/exceptions.o
 .debug_abbrev  0x000000000000b000       0xfa build/sam_e70_xult_freertos/production/_ext/45647770/plib_clk.o
 .debug_abbrev  0x000000000000b0fa      0x160 build/sam_e70_xult_freertos/production/_ext/45635366/plib_pio.o
 .debug_abbrev  0x000000000000b25a      0x179 build/sam_e70_xult_freertos/production/_ext/1414743522/plib_nvic.o
 .debug_abbrev  0x000000000000b3d3       0xcd build/sam_e70_xult_freertos/production/_ext/45638026/plib_mpu.o
 .debug_abbrev  0x000000000000b4a0      0x36b build/sam_e70_xult_freertos/production/_ext/1552905064/startup_xc32.o
 .debug_abbrev  0x000000000000b80b      0x4b3 build/sam_e70_xult_freertos/production/_ext/810785262/sntp.o
 .debug_abbrev  0x000000000000bcbe      0x486 build/sam_e70_xult_freertos/production/_ext/810785262/tcpip_announce.o
 .debug_abbrev  0x000000000000c144      0x63b build/sam_e70_xult_freertos/production/_ext/810785262/udp.o
 .debug_abbrev  0x000000000000c77f      0x683 build/sam_e70_xult_freertos/production/_ext/511568427/drv_miim.o
 .debug_abbrev  0x000000000000ce02      0x58f build/sam_e70_xult_freertos/production/_ext/1607428259/drv_ethphy.o
 .debug_abbrev  0x000000000000d391      0x2d0 build/sam_e70_xult_freertos/production/_ext/1607428259/drv_extphy_smsc8740.o
 .debug_abbrev  0x000000000000d661      0x49e build/sam_e70_xult_freertos/production/_ext/805309515/sys_fs.o
 .debug_abbrev  0x000000000000daff      0x4bf build/sam_e70_xult_freertos/production/_ext/805309515/sys_fs_media_manager.o
 .debug_abbrev  0x000000000000dfbe      0x3b4 build/sam_e70_xult_freertos/production/_ext/57042178/mpfs.o
 .debug_abbrev  0x000000000000e372      0x299 build/sam_e70_xult_freertos/production/_ext/762686499/sys_console.o
 .debug_abbrev  0x000000000000e60b      0x51f build/sam_e70_xult_freertos/production/_ext/762686499/sys_console_uart.o
 .debug_abbrev  0x000000000000eb2a      0x4d4 build/sam_e70_xult_freertos/production/_ext/762686499/sys_command.o
 .debug_abbrev  0x000000000000effe      0x2da build/sam_e70_xult_freertos/production/_ext/1839511917/crypto.o
 .debug_abbrev  0x000000000000f2d8      0x35f build/sam_e70_xult_freertos/production/_ext/1839511917/sha.o
 .debug_abbrev  0x000000000000f637      0x121 build/sam_e70_xult_freertos/production/_ext/1552905064/freertos_hooks.o
 .debug_abbrev  0x000000000000f758      0x231 build/sam_e70_xult_freertos/production/_ext/404212886/list.o
 .debug_abbrev  0x000000000000f989      0x3f1 build/sam_e70_xult_freertos/production/_ext/404212886/queue.o
 .debug_abbrev  0x000000000000fd7a      0x49e build/sam_e70_xult_freertos/production/_ext/404212886/FreeRTOS_tasks.o
 .debug_abbrev  0x0000000000010218      0x241 build/sam_e70_xult_freertos/production/_ext/1665200909/heap_3.o
 .debug_abbrev  0x0000000000010459      0x1f2 build/sam_e70_xult_freertos/production/_ext/977623654/port.o

.debug_loc      0x0000000000000000    0x60dfc
 .debug_loc     0x0000000000000000     0x2cf8 build/sam_e70_xult_freertos/production/_ext/810785262/dns.o
 .debug_loc     0x0000000000002cf8      0x3cb build/sam_e70_xult_freertos/production/_ext/502395768/sys_fs_wrapper.o
 .debug_loc     0x00000000000030c3      0x37c build/sam_e70_xult_freertos/production/_ext/810785262/icmp.o
 .debug_loc     0x000000000000343f     0x1d2d build/sam_e70_xult_freertos/production/_ext/1215076966/drv_memory.o
 .debug_loc     0x000000000000516c       0x62 build/sam_e70_xult_freertos/production/_ext/1215076966/drv_memory_file_system.o
 .debug_loc     0x00000000000051ce     0x7193 build/sam_e70_xult_freertos/production/_ext/810785262/http_net.o
 .debug_loc     0x000000000000c361      0x2b7 build/sam_e70_xult_freertos/production/_ext/1360937237/http_net_print.o
 .debug_loc     0x000000000000c618     0x1f73 build/sam_e70_xult_freertos/production/_ext/1360937237/custom_http_net_app.o
 .debug_loc     0x000000000000e58b      0x539 build/sam_e70_xult_freertos/production/_ext/810785262/nbns.o
 .debug_loc     0x000000000000eac4     0x6f7d build/sam_e70_xult_freertos/production/_ext/810785262/tcp.o
 .debug_loc     0x0000000000015a41      0x371 build/sam_e70_xult_freertos/production/_ext/45646042/plib_efc.o
 .debug_loc     0x0000000000015db2     0x2d25 build/sam_e70_xult_freertos/production/_ext/810785262/dhcp.o
 .debug_loc     0x0000000000018ad7     0x2a93 build/sam_e70_xult_freertos/production/_ext/810785262/arp.o
 .debug_loc     0x000000000001b56a     0x1c73 build/sam_e70_xult_freertos/production/_ext/810785262/icmpv6.o
 .debug_loc     0x000000000001d1dd       0x42 build/sam_e70_xult_freertos/production/_ext/1245453995/plib_tc0.o
 .debug_loc     0x000000000001d21f     0x1e63 build/sam_e70_xult_freertos/production/_ext/912870411/sys_time.o
 .debug_loc     0x000000000001f082     0x2462 build/sam_e70_xult_freertos/production/_ext/810785262/ndp.o
 .debug_loc     0x00000000000214e4     0x2786 build/sam_e70_xult_freertos/production/_ext/810785262/tcpip_commands.o
 .debug_loc     0x0000000000023c6a      0x30b build/sam_e70_xult_freertos/production/_ext/1215076966/drv_memory_efc.o
 .debug_loc     0x0000000000023f75     0x5e1e build/sam_e70_xult_freertos/production/_ext/810785262/ipv6.o
 .debug_loc     0x0000000000029d93     0x1fff build/sam_e70_xult_freertos/production/_ext/1730304427/net_pres.o
 .debug_loc     0x000000000002bd92     0x209e build/sam_e70_xult_freertos/production/_ext/810785262/ipv4.o
 .debug_loc     0x000000000002de30      0x4ea build/sam_e70_xult_freertos/production/_ext/901008055/plib_usart1.o
 .debug_loc     0x000000000002e31a     0x41eb build/sam_e70_xult_freertos/production/_ext/810785262/smtpc.o
 .debug_loc     0x0000000000032505       0xe9 build/sam_e70_xult_freertos/production/_ext/1775855163/sys_int.o
 .debug_loc     0x00000000000325ee      0x5b4 build/sam_e70_xult_freertos/production/_ext/281930714/osal_freertos.o
 .debug_loc     0x0000000000032ba2      0x13c build/sam_e70_xult_freertos/production/_ext/1360937237/app.o
 .debug_loc     0x0000000000032cde      0x1be build/sam_e70_xult_freertos/production/_ext/1552905064/tasks.o
 .debug_loc     0x0000000000032e9c      0x1fe build/sam_e70_xult_freertos/production/_ext/810785262/tcpip_heap_alloc.o
 .debug_loc     0x000000000003309a      0xad5 build/sam_e70_xult_freertos/production/_ext/810785262/tcpip_heap_internal.o
 .debug_loc     0x0000000000033b6f      0x4be build/sam_e70_xult_freertos/production/_ext/810785262/helpers.o
 .debug_loc     0x000000000003402d      0x278 build/sam_e70_xult_freertos/production/_ext/810785262/hash_fnv.o
 .debug_loc     0x00000000000342a5      0x3ce build/sam_e70_xult_freertos/production/_ext/810785262/oahash.o
 .debug_loc     0x0000000000034673     0x2c37 build/sam_e70_xult_freertos/production/_ext/810785262/tcpip_helpers.o
 .debug_loc     0x00000000000372aa     0x5898 build/sam_e70_xult_freertos/production/_ext/810785262/tcpip_manager.o
 .debug_loc     0x000000000003cb42      0x2dc build/sam_e70_xult_freertos/production/_ext/810785262/tcpip_notify.o
 .debug_loc     0x000000000003ce1e      0xa00 build/sam_e70_xult_freertos/production/_ext/810785262/tcpip_packet.o
 .debug_loc     0x000000000003d81e       0xde build/sam_e70_xult_freertos/production/_ext/231871610/sys_time_h2_adapter.o
 .debug_loc     0x000000000003d8fc     0x1e53 build/sam_e70_xult_freertos/production/_ext/1619526243/drv_gmac.o
 .debug_loc     0x000000000003f74f     0x1a8f build/sam_e70_xult_freertos/production/_ext/1619526243/drv_gmac_lib_samE7x_V7x.o
 .debug_loc     0x00000000000411de       0x20 build/sam_e70_xult_freertos/production/_ext/1360937237/main.o
 .debug_loc     0x00000000000411fe       0x79 build/sam_e70_xult_freertos/production/_ext/1552905064/initialization.o
 .debug_loc     0x0000000000041277       0x84 build/sam_e70_xult_freertos/production/_ext/45635366/plib_pio.o
 .debug_loc     0x00000000000412fb      0x158 build/sam_e70_xult_freertos/production/_ext/1414743522/plib_nvic.o
 .debug_loc     0x0000000000041453       0x6d build/sam_e70_xult_freertos/production/_ext/1552905064/startup_xc32.o
 .debug_loc     0x00000000000414c0      0xaee build/sam_e70_xult_freertos/production/_ext/810785262/sntp.o
 .debug_loc     0x0000000000041fae      0xd25 build/sam_e70_xult_freertos/production/_ext/810785262/tcpip_announce.o
 .debug_loc     0x0000000000042cd3     0x4d66 build/sam_e70_xult_freertos/production/_ext/810785262/udp.o
 .debug_loc     0x0000000000047a39     0x2421 build/sam_e70_xult_freertos/production/_ext/511568427/drv_miim.o
 .debug_loc     0x0000000000049e5a     0x38bc build/sam_e70_xult_freertos/production/_ext/1607428259/drv_ethphy.o
 .debug_loc     0x000000000004d716      0x29b build/sam_e70_xult_freertos/production/_ext/1607428259/drv_extphy_smsc8740.o
 .debug_loc     0x000000000004d9b1     0x4512 build/sam_e70_xult_freertos/production/_ext/805309515/sys_fs.o
 .debug_loc     0x0000000000051ec3     0x1461 build/sam_e70_xult_freertos/production/_ext/805309515/sys_fs_media_manager.o
 .debug_loc     0x0000000000053324     0x13fe build/sam_e70_xult_freertos/production/_ext/57042178/mpfs.o
 .debug_loc     0x0000000000054722      0x676 build/sam_e70_xult_freertos/production/_ext/762686499/sys_console.o
 .debug_loc     0x0000000000054d98      0xb14 build/sam_e70_xult_freertos/production/_ext/762686499/sys_console_uart.o
 .debug_loc     0x00000000000558ac     0x1257 build/sam_e70_xult_freertos/production/_ext/762686499/sys_command.o
 .debug_loc     0x0000000000056b03      0xb14 build/sam_e70_xult_freertos/production/_ext/1839511917/crypto.o
 .debug_loc     0x0000000000057617     0x642e build/sam_e70_xult_freertos/production/_ext/1839511917/sha.o
 .debug_loc     0x000000000005da45       0x7a build/sam_e70_xult_freertos/production/_ext/1552905064/freertos_hooks.o
 .debug_loc     0x000000000005dabf       0x9c build/sam_e70_xult_freertos/production/_ext/404212886/list.o
 .debug_loc     0x000000000005db5b     0x1335 build/sam_e70_xult_freertos/production/_ext/404212886/queue.o
 .debug_loc     0x000000000005ee90     0x1d8b build/sam_e70_xult_freertos/production/_ext/404212886/FreeRTOS_tasks.o
 .debug_loc     0x0000000000060c1b       0xbf build/sam_e70_xult_freertos/production/_ext/1665200909/heap_3.o
 .debug_loc     0x0000000000060cda      0x122 build/sam_e70_xult_freertos/production/_ext/977623654/port.o

.debug_aranges  0x0000000000000000     0x36d0
 .debug_aranges
                0x0000000000000000      0x140 build/sam_e70_xult_freertos/production/_ext/810785262/dns.o
 .debug_aranges
                0x0000000000000140       0x48 build/sam_e70_xult_freertos/production/_ext/502395768/sys_fs_wrapper.o
 .debug_aranges
                0x0000000000000188       0x38 build/sam_e70_xult_freertos/production/_ext/810785262/icmp.o
 .debug_aranges
                0x00000000000001c0       0xf0 build/sam_e70_xult_freertos/production/_ext/1215076966/drv_memory.o
 .debug_aranges
                0x00000000000002b0       0x20 build/sam_e70_xult_freertos/production/_ext/1215076966/drv_memory_file_system.o
 .debug_aranges
                0x00000000000002d0      0x340 build/sam_e70_xult_freertos/production/_ext/810785262/http_net.o
 .debug_aranges
                0x0000000000000610       0x38 build/sam_e70_xult_freertos/production/_ext/1360937237/http_net_print.o
 .debug_aranges
                0x0000000000000648      0x178 build/sam_e70_xult_freertos/production/_ext/1360937237/custom_http_net_app.o
 .debug_aranges
                0x00000000000007c0       0x18 build/sam_e70_xult_freertos/production/_ext/1360937237/mpfs_net_img.o
 .debug_aranges
                0x00000000000007d8       0x40 build/sam_e70_xult_freertos/production/_ext/810785262/nbns.o
 .debug_aranges
                0x0000000000000818      0x258 build/sam_e70_xult_freertos/production/_ext/810785262/tcp.o
 .debug_aranges
                0x0000000000000a70       0x68 build/sam_e70_xult_freertos/production/_ext/45646042/plib_efc.o
 .debug_aranges
                0x0000000000000ad8      0x188 build/sam_e70_xult_freertos/production/_ext/810785262/dhcp.o
 .debug_aranges
                0x0000000000000c60      0x110 build/sam_e70_xult_freertos/production/_ext/810785262/arp.o
 .debug_aranges
                0x0000000000000d70       0x90 build/sam_e70_xult_freertos/production/_ext/810785262/icmpv6.o
 .debug_aranges
                0x0000000000000e00       0x68 build/sam_e70_xult_freertos/production/_ext/1245453995/plib_tc0.o
 .debug_aranges
                0x0000000000000e68      0x130 build/sam_e70_xult_freertos/production/_ext/912870411/sys_time.o
 .debug_aranges
                0x0000000000000f98      0x118 build/sam_e70_xult_freertos/production/_ext/810785262/ndp.o
 .debug_aranges
                0x00000000000010b0       0x20 build/sam_e70_xult_freertos/production/_ext/683629640/bsp.o
 .debug_aranges
                0x00000000000010d0       0xd0 build/sam_e70_xult_freertos/production/_ext/810785262/tcpip_commands.o
 .debug_aranges
                0x00000000000011a0       0x68 build/sam_e70_xult_freertos/production/_ext/1215076966/drv_memory_efc.o
 .debug_aranges
                0x0000000000001208      0x2a8 build/sam_e70_xult_freertos/production/_ext/810785262/ipv6.o
 .debug_aranges
                0x00000000000014b0      0x110 build/sam_e70_xult_freertos/production/_ext/1730304427/net_pres.o
 .debug_aranges
                0x00000000000015c0       0xc0 build/sam_e70_xult_freertos/production/_ext/810785262/ipv4.o
 .debug_aranges
                0x0000000000001680       0x78 build/sam_e70_xult_freertos/production/_ext/901008055/plib_usart1.o
 .debug_aranges
                0x00000000000016f8      0x268 build/sam_e70_xult_freertos/production/_ext/810785262/smtpc.o
 .debug_aranges
                0x0000000000001960       0x40 build/sam_e70_xult_freertos/production/_ext/1775855163/sys_int.o
 .debug_aranges
                0x00000000000019a0       0x80 build/sam_e70_xult_freertos/production/_ext/281930714/osal_freertos.o
 .debug_aranges
                0x0000000000001a20       0x28 build/sam_e70_xult_freertos/production/_ext/1360937237/app.o
 .debug_aranges
                0x0000000000001a48       0x50 build/sam_e70_xult_freertos/production/_ext/1552905064/tasks.o
 .debug_aranges
                0x0000000000001a98       0x48 build/sam_e70_xult_freertos/production/_ext/810785262/tcpip_heap_alloc.o
 .debug_aranges
                0x0000000000001ae0       0x68 build/sam_e70_xult_freertos/production/_ext/810785262/tcpip_heap_internal.o
 .debug_aranges
                0x0000000000001b48       0x48 build/sam_e70_xult_freertos/production/_ext/810785262/helpers.o
 .debug_aranges
                0x0000000000001b90       0x28 build/sam_e70_xult_freertos/production/_ext/810785262/hash_fnv.o
 .debug_aranges
                0x0000000000001bb8       0x50 build/sam_e70_xult_freertos/production/_ext/810785262/oahash.o
 .debug_aranges
                0x0000000000001c08      0x218 build/sam_e70_xult_freertos/production/_ext/810785262/tcpip_helpers.o
 .debug_aranges
                0x0000000000001e20      0x390 build/sam_e70_xult_freertos/production/_ext/810785262/tcpip_manager.o
 .debug_aranges
                0x00000000000021b0       0x40 build/sam_e70_xult_freertos/production/_ext/810785262/tcpip_notify.o
 .debug_aranges
                0x00000000000021f0       0x78 build/sam_e70_xult_freertos/production/_ext/810785262/tcpip_packet.o
 .debug_aranges
                0x0000000000002268       0x28 build/sam_e70_xult_freertos/production/_ext/231871610/sys_time_h2_adapter.o
 .debug_aranges
                0x0000000000002290      0x280 build/sam_e70_xult_freertos/production/_ext/1619526243/drv_gmac.o
 .debug_aranges
                0x0000000000002510       0xb0 build/sam_e70_xult_freertos/production/_ext/1619526243/drv_gmac_lib_samE7x_V7x.o
 .debug_aranges
                0x00000000000025c0       0x20 build/sam_e70_xult_freertos/production/_ext/1360937237/main.o
 .debug_aranges
                0x00000000000025e0       0x28 build/sam_e70_xult_freertos/production/_ext/1552905064/initialization.o
 .debug_aranges
                0x0000000000002608       0x20 build/sam_e70_xult_freertos/production/_ext/1552905064/interrupts.o
 .debug_aranges
                0x0000000000002628       0x48 build/sam_e70_xult_freertos/production/_ext/1552905064/exceptions.o
 .debug_aranges
                0x0000000000002670       0x20 build/sam_e70_xult_freertos/production/_ext/45647770/plib_clk.o
 .debug_aranges
                0x0000000000002690       0x60 build/sam_e70_xult_freertos/production/_ext/45635366/plib_pio.o
 .debug_aranges
                0x00000000000026f0       0x20 build/sam_e70_xult_freertos/production/_ext/1414743522/plib_nvic.o
 .debug_aranges
                0x0000000000002710       0x20 build/sam_e70_xult_freertos/production/_ext/45638026/plib_mpu.o
 .debug_aranges
                0x0000000000002730       0x20 build/sam_e70_xult_freertos/production/_ext/1552905064/startup_xc32.o
 .debug_aranges
                0x0000000000002750       0x98 build/sam_e70_xult_freertos/production/_ext/810785262/sntp.o
 .debug_aranges
                0x00000000000027e8       0xa8 build/sam_e70_xult_freertos/production/_ext/810785262/tcpip_announce.o
 .debug_aranges
                0x0000000000002890      0x208 build/sam_e70_xult_freertos/production/_ext/810785262/udp.o
 .debug_aranges
                0x0000000000002a98       0xe8 build/sam_e70_xult_freertos/production/_ext/511568427/drv_miim.o
 .debug_aranges
                0x0000000000002b80      0x278 build/sam_e70_xult_freertos/production/_ext/1607428259/drv_ethphy.o
 .debug_aranges
                0x0000000000002df8       0x30 build/sam_e70_xult_freertos/production/_ext/1607428259/drv_extphy_smsc8740.o
 .debug_aranges
                0x0000000000002e28      0x170 build/sam_e70_xult_freertos/production/_ext/805309515/sys_fs.o
 .debug_aranges
                0x0000000000002f98       0x98 build/sam_e70_xult_freertos/production/_ext/805309515/sys_fs_media_manager.o
 .debug_aranges
                0x0000000000003030       0xa0 build/sam_e70_xult_freertos/production/_ext/57042178/mpfs.o
 .debug_aranges
                0x00000000000030d0       0x50 build/sam_e70_xult_freertos/production/_ext/762686499/sys_console.o
 .debug_aranges
                0x0000000000003120       0x78 build/sam_e70_xult_freertos/production/_ext/762686499/sys_console_uart.o
 .debug_aranges
                0x0000000000003198       0xd0 build/sam_e70_xult_freertos/production/_ext/762686499/sys_command.o
 .debug_aranges
                0x0000000000003268       0xb0 build/sam_e70_xult_freertos/production/_ext/1839511917/crypto.o
 .debug_aranges
                0x0000000000003318       0x60 build/sam_e70_xult_freertos/production/_ext/1839511917/sha.o
 .debug_aranges
                0x0000000000003378       0x40 build/sam_e70_xult_freertos/production/_ext/1552905064/freertos_hooks.o
 .debug_aranges
                0x00000000000033b8       0x40 build/sam_e70_xult_freertos/production/_ext/404212886/list.o
 .debug_aranges
                0x00000000000033f8       0xc8 build/sam_e70_xult_freertos/production/_ext/404212886/queue.o
 .debug_aranges
                0x00000000000034c0      0x170 build/sam_e70_xult_freertos/production/_ext/404212886/FreeRTOS_tasks.o
 .debug_aranges
                0x0000000000003630       0x28 build/sam_e70_xult_freertos/production/_ext/1665200909/heap_3.o
 .debug_aranges
                0x0000000000003658       0x78 build/sam_e70_xult_freertos/production/_ext/977623654/port.o

.debug_ranges   0x0000000000000000     0x5718
 .debug_ranges  0x0000000000000000      0x238 build/sam_e70_xult_freertos/production/_ext/810785262/dns.o
 .debug_ranges  0x0000000000000238       0x38 build/sam_e70_xult_freertos/production/_ext/502395768/sys_fs_wrapper.o
 .debug_ranges  0x0000000000000270       0x40 build/sam_e70_xult_freertos/production/_ext/810785262/icmp.o
 .debug_ranges  0x00000000000002b0      0x118 build/sam_e70_xult_freertos/production/_ext/1215076966/drv_memory.o
 .debug_ranges  0x00000000000003c8       0x10 build/sam_e70_xult_freertos/production/_ext/1215076966/drv_memory_file_system.o
 .debug_ranges  0x00000000000003d8      0x688 build/sam_e70_xult_freertos/production/_ext/810785262/http_net.o
 .debug_ranges  0x0000000000000a60       0x28 build/sam_e70_xult_freertos/production/_ext/1360937237/http_net_print.o
 .debug_ranges  0x0000000000000a88      0x1f0 build/sam_e70_xult_freertos/production/_ext/1360937237/custom_http_net_app.o
 .debug_ranges  0x0000000000000c78       0xb0 build/sam_e70_xult_freertos/production/_ext/810785262/nbns.o
 .debug_ranges  0x0000000000000d28      0x650 build/sam_e70_xult_freertos/production/_ext/810785262/tcp.o
 .debug_ranges  0x0000000000001378       0x58 build/sam_e70_xult_freertos/production/_ext/45646042/plib_efc.o
 .debug_ranges  0x00000000000013d0      0x2f0 build/sam_e70_xult_freertos/production/_ext/810785262/dhcp.o
 .debug_ranges  0x00000000000016c0      0x1c0 build/sam_e70_xult_freertos/production/_ext/810785262/arp.o
 .debug_ranges  0x0000000000001880      0x118 build/sam_e70_xult_freertos/production/_ext/810785262/icmpv6.o
 .debug_ranges  0x0000000000001998       0x58 build/sam_e70_xult_freertos/production/_ext/1245453995/plib_tc0.o
 .debug_ranges  0x00000000000019f0      0x168 build/sam_e70_xult_freertos/production/_ext/912870411/sys_time.o
 .debug_ranges  0x0000000000001b58      0x2b0 build/sam_e70_xult_freertos/production/_ext/810785262/ndp.o
 .debug_ranges  0x0000000000001e08       0x10 build/sam_e70_xult_freertos/production/_ext/683629640/bsp.o
 .debug_ranges  0x0000000000001e18      0x160 build/sam_e70_xult_freertos/production/_ext/810785262/tcpip_commands.o
 .debug_ranges  0x0000000000001f78       0x58 build/sam_e70_xult_freertos/production/_ext/1215076966/drv_memory_efc.o
 .debug_ranges  0x0000000000001fd0      0x428 build/sam_e70_xult_freertos/production/_ext/810785262/ipv6.o
 .debug_ranges  0x00000000000023f8      0x238 build/sam_e70_xult_freertos/production/_ext/1730304427/net_pres.o
 .debug_ranges  0x0000000000002630      0x230 build/sam_e70_xult_freertos/production/_ext/810785262/ipv4.o
 .debug_ranges  0x0000000000002860       0x80 build/sam_e70_xult_freertos/production/_ext/901008055/plib_usart1.o
 .debug_ranges  0x00000000000028e0      0x3f0 build/sam_e70_xult_freertos/production/_ext/810785262/smtpc.o
 .debug_ranges  0x0000000000002cd0       0x30 build/sam_e70_xult_freertos/production/_ext/1775855163/sys_int.o
 .debug_ranges  0x0000000000002d00       0x70 build/sam_e70_xult_freertos/production/_ext/281930714/osal_freertos.o
 .debug_ranges  0x0000000000002d70       0x18 build/sam_e70_xult_freertos/production/_ext/1360937237/app.o
 .debug_ranges  0x0000000000002d88       0x40 build/sam_e70_xult_freertos/production/_ext/1552905064/tasks.o
 .debug_ranges  0x0000000000002dc8       0x38 build/sam_e70_xult_freertos/production/_ext/810785262/tcpip_heap_alloc.o
 .debug_ranges  0x0000000000002e00       0x58 build/sam_e70_xult_freertos/production/_ext/810785262/tcpip_heap_internal.o
 .debug_ranges  0x0000000000002e58       0x38 build/sam_e70_xult_freertos/production/_ext/810785262/helpers.o
 .debug_ranges  0x0000000000002e90       0x18 build/sam_e70_xult_freertos/production/_ext/810785262/hash_fnv.o
 .debug_ranges  0x0000000000002ea8       0x40 build/sam_e70_xult_freertos/production/_ext/810785262/oahash.o
 .debug_ranges  0x0000000000002ee8      0x258 build/sam_e70_xult_freertos/production/_ext/810785262/tcpip_helpers.o
 .debug_ranges  0x0000000000003140      0x6c8 build/sam_e70_xult_freertos/production/_ext/810785262/tcpip_manager.o
 .debug_ranges  0x0000000000003808       0x30 build/sam_e70_xult_freertos/production/_ext/810785262/tcpip_notify.o
 .debug_ranges  0x0000000000003838       0x80 build/sam_e70_xult_freertos/production/_ext/810785262/tcpip_packet.o
 .debug_ranges  0x00000000000038b8       0x18 build/sam_e70_xult_freertos/production/_ext/231871610/sys_time_h2_adapter.o
 .debug_ranges  0x00000000000038d0      0x320 build/sam_e70_xult_freertos/production/_ext/1619526243/drv_gmac.o
 .debug_ranges  0x0000000000003bf0      0x118 build/sam_e70_xult_freertos/production/_ext/1619526243/drv_gmac_lib_samE7x_V7x.o
 .debug_ranges  0x0000000000003d08       0x10 build/sam_e70_xult_freertos/production/_ext/1360937237/main.o
 .debug_ranges  0x0000000000003d18       0x18 build/sam_e70_xult_freertos/production/_ext/1552905064/initialization.o
 .debug_ranges  0x0000000000003d30       0x10 build/sam_e70_xult_freertos/production/_ext/1552905064/interrupts.o
 .debug_ranges  0x0000000000003d40       0x38 build/sam_e70_xult_freertos/production/_ext/1552905064/exceptions.o
 .debug_ranges  0x0000000000003d78       0x10 build/sam_e70_xult_freertos/production/_ext/45647770/plib_clk.o
 .debug_ranges  0x0000000000003d88       0x50 build/sam_e70_xult_freertos/production/_ext/45635366/plib_pio.o
 .debug_ranges  0x0000000000003dd8       0x10 build/sam_e70_xult_freertos/production/_ext/1414743522/plib_nvic.o
 .debug_ranges  0x0000000000003de8       0x10 build/sam_e70_xult_freertos/production/_ext/45638026/plib_mpu.o
 .debug_ranges  0x0000000000003df8       0x10 build/sam_e70_xult_freertos/production/_ext/1552905064/startup_xc32.o
 .debug_ranges  0x0000000000003e08      0x158 build/sam_e70_xult_freertos/production/_ext/810785262/sntp.o
 .debug_ranges  0x0000000000003f60      0x148 build/sam_e70_xult_freertos/production/_ext/810785262/tcpip_announce.o
 .debug_ranges  0x00000000000040a8      0x458 build/sam_e70_xult_freertos/production/_ext/810785262/udp.o
 .debug_ranges  0x0000000000004500      0x348 build/sam_e70_xult_freertos/production/_ext/511568427/drv_miim.o
 .debug_ranges  0x0000000000004848      0x2e0 build/sam_e70_xult_freertos/production/_ext/1607428259/drv_ethphy.o
 .debug_ranges  0x0000000000004b28       0x20 build/sam_e70_xult_freertos/production/_ext/1607428259/drv_extphy_smsc8740.o
 .debug_ranges  0x0000000000004b48      0x160 build/sam_e70_xult_freertos/production/_ext/805309515/sys_fs.o
 .debug_ranges  0x0000000000004ca8      0x100 build/sam_e70_xult_freertos/production/_ext/805309515/sys_fs_media_manager.o
 .debug_ranges  0x0000000000004da8       0x90 build/sam_e70_xult_freertos/production/_ext/57042178/mpfs.o
 .debug_ranges  0x0000000000004e38       0x40 build/sam_e70_xult_freertos/production/_ext/762686499/sys_console.o
 .debug_ranges  0x0000000000004e78       0xc8 build/sam_e70_xult_freertos/production/_ext/762686499/sys_console_uart.o
 .debug_ranges  0x0000000000004f40      0x1a8 build/sam_e70_xult_freertos/production/_ext/762686499/sys_command.o
 .debug_ranges  0x00000000000050e8       0xa0 build/sam_e70_xult_freertos/production/_ext/1839511917/crypto.o
 .debug_ranges  0x0000000000005188       0x68 build/sam_e70_xult_freertos/production/_ext/1839511917/sha.o
 .debug_ranges  0x00000000000051f0       0x30 build/sam_e70_xult_freertos/production/_ext/1552905064/freertos_hooks.o
 .debug_ranges  0x0000000000005220       0x30 build/sam_e70_xult_freertos/production/_ext/404212886/list.o
 .debug_ranges  0x0000000000005250      0x1b8 build/sam_e70_xult_freertos/production/_ext/404212886/queue.o
 .debug_ranges  0x0000000000005408      0x290 build/sam_e70_xult_freertos/production/_ext/404212886/FreeRTOS_tasks.o
 .debug_ranges  0x0000000000005698       0x18 build/sam_e70_xult_freertos/production/_ext/1665200909/heap_3.o
 .debug_ranges  0x00000000000056b0       0x68 build/sam_e70_xult_freertos/production/_ext/977623654/port.o

.debug_line     0x0000000000000000    0x201e0
 .debug_line    0x0000000000000000      0xb8f build/sam_e70_xult_freertos/production/_ext/810785262/dns.o
 .debug_line    0x0000000000000b8f      0x300 build/sam_e70_xult_freertos/production/_ext/502395768/sys_fs_wrapper.o
 .debug_line    0x0000000000000e8f      0x491 build/sam_e70_xult_freertos/production/_ext/810785262/icmp.o
 .debug_line    0x0000000000001320      0x6e7 build/sam_e70_xult_freertos/production/_ext/1215076966/drv_memory.o
 .debug_line    0x0000000000001a07      0x288 build/sam_e70_xult_freertos/production/_ext/1215076966/drv_memory_file_system.o
 .debug_line    0x0000000000001c8f     0x17ca build/sam_e70_xult_freertos/production/_ext/810785262/http_net.o
 .debug_line    0x0000000000003459      0x4ba build/sam_e70_xult_freertos/production/_ext/1360937237/http_net_print.o
 .debug_line    0x0000000000003913      0xa60 build/sam_e70_xult_freertos/production/_ext/1360937237/custom_http_net_app.o
 .debug_line    0x0000000000004373      0x3e0 build/sam_e70_xult_freertos/production/_ext/1360937237/mpfs_net_img.o
 .debug_line    0x0000000000004753      0x4b6 build/sam_e70_xult_freertos/production/_ext/810785262/nbns.o
 .debug_line    0x0000000000004c09     0x1938 build/sam_e70_xult_freertos/production/_ext/810785262/tcp.o
 .debug_line    0x0000000000006541      0x2b5 build/sam_e70_xult_freertos/production/_ext/45646042/plib_efc.o
 .debug_line    0x00000000000067f6      0xe2c build/sam_e70_xult_freertos/production/_ext/810785262/dhcp.o
 .debug_line    0x0000000000007622      0xae5 build/sam_e70_xult_freertos/production/_ext/810785262/arp.o
 .debug_line    0x0000000000008107      0xa7a build/sam_e70_xult_freertos/production/_ext/810785262/icmpv6.o
 .debug_line    0x0000000000008b81      0x21c build/sam_e70_xult_freertos/production/_ext/1245453995/plib_tc0.o
 .debug_line    0x0000000000008d9d      0x7d1 build/sam_e70_xult_freertos/production/_ext/912870411/sys_time.o
 .debug_line    0x000000000000956e      0xbce build/sam_e70_xult_freertos/production/_ext/810785262/ndp.o
 .debug_line    0x000000000000a13c      0x1ce build/sam_e70_xult_freertos/production/_ext/683629640/bsp.o
 .debug_line    0x000000000000a30a      0xafb build/sam_e70_xult_freertos/production/_ext/810785262/tcpip_commands.o
 .debug_line    0x000000000000ae05      0x557 build/sam_e70_xult_freertos/production/_ext/1215076966/drv_memory_efc.o
 .debug_line    0x000000000000b35c     0x1632 build/sam_e70_xult_freertos/production/_ext/810785262/ipv6.o
 .debug_line    0x000000000000c98e      0x87d build/sam_e70_xult_freertos/production/_ext/1730304427/net_pres.o
 .debug_line    0x000000000000d20b      0xa19 build/sam_e70_xult_freertos/production/_ext/810785262/ipv4.o
 .debug_line    0x000000000000dc24      0x30f build/sam_e70_xult_freertos/production/_ext/901008055/plib_usart1.o
 .debug_line    0x000000000000df33     0x1148 build/sam_e70_xult_freertos/production/_ext/810785262/smtpc.o
 .debug_line    0x000000000000f07b      0x246 build/sam_e70_xult_freertos/production/_ext/1775855163/sys_int.o
 .debug_line    0x000000000000f2c1      0x2f3 build/sam_e70_xult_freertos/production/_ext/281930714/osal_freertos.o
 .debug_line    0x000000000000f5b4      0x53e build/sam_e70_xult_freertos/production/_ext/1360937237/app.o
 .debug_line    0x000000000000faf2      0x5a3 build/sam_e70_xult_freertos/production/_ext/1552905064/tasks.o
 .debug_line    0x0000000000010095      0x3ef build/sam_e70_xult_freertos/production/_ext/810785262/tcpip_heap_alloc.o
 .debug_line    0x0000000000010484      0x5bf build/sam_e70_xult_freertos/production/_ext/810785262/tcpip_heap_internal.o
 .debug_line    0x0000000000010a43      0x275 build/sam_e70_xult_freertos/production/_ext/810785262/helpers.o
 .debug_line    0x0000000000010cb8      0x1d1 build/sam_e70_xult_freertos/production/_ext/810785262/hash_fnv.o
 .debug_line    0x0000000000010e89      0x29c build/sam_e70_xult_freertos/production/_ext/810785262/oahash.o
 .debug_line    0x0000000000011125      0xc5c build/sam_e70_xult_freertos/production/_ext/810785262/tcpip_helpers.o
 .debug_line    0x0000000000011d81     0x1583 build/sam_e70_xult_freertos/production/_ext/810785262/tcpip_manager.o
 .debug_line    0x0000000000013304      0x48a build/sam_e70_xult_freertos/production/_ext/810785262/tcpip_notify.o
 .debug_line    0x000000000001378e      0x541 build/sam_e70_xult_freertos/production/_ext/810785262/tcpip_packet.o
 .debug_line    0x0000000000013ccf      0x19f build/sam_e70_xult_freertos/production/_ext/231871610/sys_time_h2_adapter.o
 .debug_line    0x0000000000013e6e      0xeb0 build/sam_e70_xult_freertos/production/_ext/1619526243/drv_gmac.o
 .debug_line    0x0000000000014d1e      0x9ff build/sam_e70_xult_freertos/production/_ext/1619526243/drv_gmac_lib_samE7x_V7x.o
 .debug_line    0x000000000001571d      0x3d7 build/sam_e70_xult_freertos/production/_ext/1360937237/main.o
 .debug_line    0x0000000000015af4      0x94e build/sam_e70_xult_freertos/production/_ext/1552905064/initialization.o
 .debug_line    0x0000000000016442      0x417 build/sam_e70_xult_freertos/production/_ext/1552905064/interrupts.o
 .debug_line    0x0000000000016859      0x424 build/sam_e70_xult_freertos/production/_ext/1552905064/exceptions.o
 .debug_line    0x0000000000016c7d      0x17e build/sam_e70_xult_freertos/production/_ext/45647770/plib_clk.o
 .debug_line    0x0000000000016dfb      0x221 build/sam_e70_xult_freertos/production/_ext/45635366/plib_pio.o
 .debug_line    0x000000000001701c      0x1a9 build/sam_e70_xult_freertos/production/_ext/1414743522/plib_nvic.o
 .debug_line    0x00000000000171c5      0x15d build/sam_e70_xult_freertos/production/_ext/45638026/plib_mpu.o
 .debug_line    0x0000000000017322      0x529 build/sam_e70_xult_freertos/production/_ext/1552905064/startup_xc32.o
 .debug_line    0x000000000001784b      0x827 build/sam_e70_xult_freertos/production/_ext/810785262/sntp.o
 .debug_line    0x0000000000018072      0x754 build/sam_e70_xult_freertos/production/_ext/810785262/tcpip_announce.o
 .debug_line    0x00000000000187c6     0x127b build/sam_e70_xult_freertos/production/_ext/810785262/udp.o
 .debug_line    0x0000000000019a41      0x8f0 build/sam_e70_xult_freertos/production/_ext/511568427/drv_miim.o
 .debug_line    0x000000000001a331      0xebf build/sam_e70_xult_freertos/production/_ext/1607428259/drv_ethphy.o
 .debug_line    0x000000000001b1f0      0x358 build/sam_e70_xult_freertos/production/_ext/1607428259/drv_extphy_smsc8740.o
 .debug_line    0x000000000001b548      0xbfa build/sam_e70_xult_freertos/production/_ext/805309515/sys_fs.o
 .debug_line    0x000000000001c142      0x676 build/sam_e70_xult_freertos/production/_ext/805309515/sys_fs_media_manager.o
 .debug_line    0x000000000001c7b8      0x4e2 build/sam_e70_xult_freertos/production/_ext/57042178/mpfs.o
 .debug_line    0x000000000001cc9a      0x333 build/sam_e70_xult_freertos/production/_ext/762686499/sys_console.o
 .debug_line    0x000000000001cfcd      0x6f9 build/sam_e70_xult_freertos/production/_ext/762686499/sys_console_uart.o
 .debug_line    0x000000000001d6c6      0x61d build/sam_e70_xult_freertos/production/_ext/762686499/sys_command.o
 .debug_line    0x000000000001dce3      0x378 build/sam_e70_xult_freertos/production/_ext/1839511917/crypto.o
 .debug_line    0x000000000001e05b      0x9ce build/sam_e70_xult_freertos/production/_ext/1839511917/sha.o
 .debug_line    0x000000000001ea29      0x1cd build/sam_e70_xult_freertos/production/_ext/1552905064/freertos_hooks.o
 .debug_line    0x000000000001ebf6      0x292 build/sam_e70_xult_freertos/production/_ext/404212886/list.o
 .debug_line    0x000000000001ee88      0x64d build/sam_e70_xult_freertos/production/_ext/404212886/queue.o
 .debug_line    0x000000000001f4d5      0x8f4 build/sam_e70_xult_freertos/production/_ext/404212886/FreeRTOS_tasks.o
 .debug_line    0x000000000001fdc9      0x1ac build/sam_e70_xult_freertos/production/_ext/1665200909/heap_3.o
 .debug_line    0x000000000001ff75      0x26b build/sam_e70_xult_freertos/production/_ext/977623654/port.o

.debug_str      0x0000000000000000     0x8c3e
 .debug_str     0x0000000000000000      0x4d1 build/sam_e70_xult_freertos/production/_ext/810785262/dns.o
 .debug_str     0x00000000000004d1       0x84 build/sam_e70_xult_freertos/production/_ext/502395768/sys_fs_wrapper.o
 .debug_str     0x0000000000000555      0x14e build/sam_e70_xult_freertos/production/_ext/810785262/icmp.o
 .debug_str     0x00000000000006a3      0x1fd build/sam_e70_xult_freertos/production/_ext/1215076966/drv_memory.o
 .debug_str     0x00000000000008a0       0x2c build/sam_e70_xult_freertos/production/_ext/1215076966/drv_memory_file_system.o
 .debug_str     0x00000000000008cc      0x80a build/sam_e70_xult_freertos/production/_ext/810785262/http_net.o
 .debug_str     0x00000000000010d6       0x95 build/sam_e70_xult_freertos/production/_ext/1360937237/http_net_print.o
 .debug_str     0x000000000000116b      0x590 build/sam_e70_xult_freertos/production/_ext/1360937237/custom_http_net_app.o
 .debug_str     0x00000000000016fb       0x2c build/sam_e70_xult_freertos/production/_ext/1360937237/mpfs_net_img.o
 .debug_str     0x0000000000001727      0x222 build/sam_e70_xult_freertos/production/_ext/810785262/nbns.o
 .debug_str     0x0000000000001949      0x6d7 build/sam_e70_xult_freertos/production/_ext/810785262/tcp.o
 .debug_str     0x0000000000002020       0x2b build/sam_e70_xult_freertos/production/_ext/45646042/plib_efc.o
 .debug_str     0x000000000000204b      0x60a build/sam_e70_xult_freertos/production/_ext/810785262/dhcp.o
 .debug_str     0x0000000000002655      0x4bc build/sam_e70_xult_freertos/production/_ext/810785262/arp.o
 .debug_str     0x0000000000002b11      0x5d3 build/sam_e70_xult_freertos/production/_ext/810785262/icmpv6.o
 .debug_str     0x00000000000030e4        0xa build/sam_e70_xult_freertos/production/_ext/1245453995/plib_tc0.o
 .debug_str     0x00000000000030ee      0x16e build/sam_e70_xult_freertos/production/_ext/912870411/sys_time.o
 .debug_str     0x000000000000325c      0x492 build/sam_e70_xult_freertos/production/_ext/810785262/ndp.o
 .debug_str     0x00000000000036ee        0xe build/sam_e70_xult_freertos/production/_ext/683629640/bsp.o
 .debug_str     0x00000000000036fc      0x8db build/sam_e70_xult_freertos/production/_ext/810785262/tcpip_commands.o
 .debug_str     0x0000000000003fd7       0x8b build/sam_e70_xult_freertos/production/_ext/1215076966/drv_memory_efc.o
 .debug_str     0x0000000000004062      0x989 build/sam_e70_xult_freertos/production/_ext/810785262/ipv6.o
 .debug_str     0x00000000000049eb       0xef build/sam_e70_xult_freertos/production/_ext/1730304427/net_pres.o
 .debug_str     0x0000000000004ada      0x540 build/sam_e70_xult_freertos/production/_ext/810785262/ipv4.o
 .debug_str     0x000000000000501a       0x10 build/sam_e70_xult_freertos/production/_ext/901008055/plib_usart1.o
 .debug_str     0x000000000000502a      0x63a build/sam_e70_xult_freertos/production/_ext/810785262/smtpc.o
 .debug_str     0x0000000000005664       0x10 build/sam_e70_xult_freertos/production/_ext/1775855163/sys_int.o
 .debug_str     0x0000000000005674      0x124 build/sam_e70_xult_freertos/production/_ext/281930714/osal_freertos.o
 .debug_str     0x0000000000005798      0x13d build/sam_e70_xult_freertos/production/_ext/1360937237/app.o
 .debug_str     0x00000000000058d5       0xb8 build/sam_e70_xult_freertos/production/_ext/1552905064/tasks.o
 .debug_str     0x000000000000598d       0x6d build/sam_e70_xult_freertos/production/_ext/810785262/tcpip_heap_alloc.o
 .debug_str     0x00000000000059fa       0x90 build/sam_e70_xult_freertos/production/_ext/810785262/tcpip_heap_internal.o
 .debug_str     0x0000000000005a8a       0x21 build/sam_e70_xult_freertos/production/_ext/810785262/helpers.o
 .debug_str     0x0000000000005aab        0xe build/sam_e70_xult_freertos/production/_ext/810785262/hash_fnv.o
 .debug_str     0x0000000000005ab9       0x18 build/sam_e70_xult_freertos/production/_ext/810785262/oahash.o
 .debug_str     0x0000000000005ad1      0x11e build/sam_e70_xult_freertos/production/_ext/810785262/tcpip_helpers.o
 .debug_str     0x0000000000005bef      0x5a0 build/sam_e70_xult_freertos/production/_ext/810785262/tcpip_manager.o
 .debug_str     0x000000000000618f       0xfe build/sam_e70_xult_freertos/production/_ext/810785262/tcpip_notify.o
 .debug_str     0x000000000000628d       0x21 build/sam_e70_xult_freertos/production/_ext/810785262/tcpip_packet.o
 .debug_str     0x00000000000062ae       0x25 build/sam_e70_xult_freertos/production/_ext/231871610/sys_time_h2_adapter.o
 .debug_str     0x00000000000062d3      0x387 build/sam_e70_xult_freertos/production/_ext/1619526243/drv_gmac.o
 .debug_str     0x000000000000665a      0x13c build/sam_e70_xult_freertos/production/_ext/1619526243/drv_gmac_lib_samE7x_V7x.o
 .debug_str     0x0000000000006796       0x45 build/sam_e70_xult_freertos/production/_ext/1360937237/main.o
 .debug_str     0x00000000000067db      0x1e9 build/sam_e70_xult_freertos/production/_ext/1552905064/initialization.o
 .debug_str     0x00000000000069c4       0x2c build/sam_e70_xult_freertos/production/_ext/1552905064/interrupts.o
 .debug_str     0x00000000000069f0       0x2c build/sam_e70_xult_freertos/production/_ext/1552905064/exceptions.o
 .debug_str     0x0000000000006a1c        0xa build/sam_e70_xult_freertos/production/_ext/45647770/plib_clk.o
 .debug_str     0x0000000000006a26       0x46 build/sam_e70_xult_freertos/production/_ext/45635366/plib_pio.o
 .debug_str     0x0000000000006a6c       0x28 build/sam_e70_xult_freertos/production/_ext/1414743522/plib_nvic.o
 .debug_str     0x0000000000006a94        0x0 build/sam_e70_xult_freertos/production/_ext/45638026/plib_mpu.o
 .debug_str     0x0000000000006a94       0xa6 build/sam_e70_xult_freertos/production/_ext/1552905064/startup_xc32.o
 .debug_str     0x0000000000006b3a      0x296 build/sam_e70_xult_freertos/production/_ext/810785262/sntp.o
 .debug_str     0x0000000000006dd0      0x392 build/sam_e70_xult_freertos/production/_ext/810785262/tcpip_announce.o
 .debug_str     0x0000000000007162      0x62e build/sam_e70_xult_freertos/production/_ext/810785262/udp.o
 .debug_str     0x0000000000007790      0x2a8 build/sam_e70_xult_freertos/production/_ext/511568427/drv_miim.o
 .debug_str     0x0000000000007a38      0x52c build/sam_e70_xult_freertos/production/_ext/1607428259/drv_ethphy.o
 .debug_str     0x0000000000007f64       0x4d build/sam_e70_xult_freertos/production/_ext/1607428259/drv_extphy_smsc8740.o
 .debug_str     0x0000000000007fb1      0x161 build/sam_e70_xult_freertos/production/_ext/805309515/sys_fs.o
 .debug_str     0x0000000000008112       0xe0 build/sam_e70_xult_freertos/production/_ext/805309515/sys_fs_media_manager.o